<html>
<body>
<pre>
<h1>µVision Build Log</h1>
<h2>Project:</h2>
C:\Users\Nish S\Desktop\pro\pro\Keil_project\tm4c123-uCOSII-port.uvproj
Project File Date:  07/20/2014

<h2>Output:</h2>
Rebuild target 'TI launchpad'
compiling app.c...
..\uCOS-II_files\Source\os.h(26): warning:  #1-D: last line of file ends without a newline
  #include  <ucos_ii.h>
..\Application\app.c: 1 warning, 0 errors
compiling app_hooks.c...
..\uCOS-II_files\Source\os.h(26): warning:  #1-D: last line of file ends without a newline
  #include  <ucos_ii.h>
..\Application\app_hooks.c: 1 warning, 0 errors
compiling lib_ascii.c...
compiling lib_math.c...
compiling lib_mem.c...
assembling lib_mem_a.asm...
compiling lib_str.c...
compiling os_core.c...
compiling os_flag.c...
compiling os_mbox.c...
compiling os_mem.c...
compiling os_mutex.c...
compiling os_q.c...
compiling os_sem.c...
compiling os_task.c...
compiling os_time.c...
compiling os_tmr.c...
assembling os_cpu_a.asm...
compiling os_cpu_c.c...
..\uCOS-II_files\Ports\os_cpu_c.c(381): warning:  #223-D: function "OS_CPU_FP_Reg_Push" declared implicitly
          OS_CPU_FP_Reg_Push(OSTCBCur->OSTCBStkPtr);
..\uCOS-II_files\Ports\os_cpu_c.c(385): warning:  #223-D: function "OS_CPU_FP_Reg_Pop" declared implicitly
          OS_CPU_FP_Reg_Pop(OSTCBHighRdy->OSTCBStkPtr);
..\uCOS-II_files\Ports\os_cpu_c.c: 2 warnings, 0 errors
compiling os_dbg.c...
compiling bsp.c...
compiling bsp_int.c...
..\uCOS-II_files\Source\os.h(26): warning:  #1-D: last line of file ends without a newline
  #include  <ucos_ii.h>
..\Board_Support_Package\bsp_int.c: 1 warning, 0 errors
compiling bsp_led.c...
compiling bsp_sys.c...
compiling cpu_bsp.c...
assembling startup_TM4C123.s...
assembling cpu_a.asm...
compiling cpu_c.c...
compiling cpu_core.c...
linking...
Program Size: Code=27008 RO-data=1432 RW-data=116 ZI-data=8676  
FromELF: creating hex file...
".\tm4c123-uCOSII-port.axf" - 0 Error(s), 5 Warning(s).
</pre>
</body>
</html>
