ARM Linker, 5.02 [Build 28] [MDK-ARM Lite]

==============================================================================

Section Cross References

    app.o(i.AppTaskLed) refers to os_sem.o(i.OSSemPend) for OSSemPend
    app.o(i.AppTaskLed) refers to bsp_led.o(i.BSP_LED_7_COLORS_SET) for BSP_LED_7_COLORS_SET
    app.o(i.AppTaskLed) refers to bsp_led.o(i.BSP_LED_UART_print) for BSP_LED_UART_print
    app.o(i.AppTaskLed) refers to os_time.o(i.OSTimeDly) for OSTimeDly
    app.o(i.AppTaskLed) refers to bsp_led.o(i.BSP_LED_7_COLORS_CLR) for BSP_LED_7_COLORS_CLR
    app.o(i.AppTaskLed) refers to os_sem.o(i.OSSemPost) for OSSemPost
    app.o(i.AppTaskLed) refers to bsp.o(.data) for errorSem
    app.o(i.AppTaskLed2) refers to os_mbox.o(i.OSMboxPend) for OSMboxPend
    app.o(i.AppTaskLed2) refers to bsp_led.o(i.BSP_LED_7_COLORS_CLR) for BSP_LED_7_COLORS_CLR
    app.o(i.AppTaskLed2) refers to lib_str.o(i.Str_Len) for Str_Len
    app.o(i.AppTaskLed2) refers to bsp_uart.o(i.BSP_UART_Send_string) for BSP_UART_Send_string
    app.o(i.AppTaskLed2) refers to bsp_led.o(i.BSP_LED_7_COLORS_SET) for BSP_LED_7_COLORS_SET
    app.o(i.AppTaskLed2) refers to bsp.o(.data) for errorMailbox1
    app.o(i.AppTaskPir) refers to bsp_pir_sensor.o(i.BSP_pir_out) for BSP_pir_out
    app.o(i.AppTaskPir) refers to os_mbox.o(i.OSMboxPost) for OSMboxPost
    app.o(i.AppTaskPir) refers to lib_str.o(i.Str_Len) for Str_Len
    app.o(i.AppTaskPir) refers to bsp_uart.o(i.BSP_UART_Send_string) for BSP_UART_Send_string
    app.o(i.AppTaskPir) refers to os_time.o(i.OSTimeDly) for OSTimeDly
    app.o(i.AppTaskPir) refers to bsp.o(.data) for global_pir_val
    app.o(i.AppTaskPir) refers to app.o(.constdata) for .constdata
    app.o(i.AppTaskStart) refers to bsp.o(i.BSP_Init) for BSP_Init
    app.o(i.AppTaskStart) refers to bsp_sys.o(i.BSP_SysClkFreqGet) for BSP_SysClkFreqGet
    app.o(i.AppTaskStart) refers to os_cpu_c.o(i.OS_CPU_SysTickInit) for OS_CPU_SysTickInit
    app.o(i.AppTaskStart) refers to cpu_core.o(i.CPU_Init) for CPU_Init
    app.o(i.AppTaskStart) refers to lib_mem.o(i.Mem_Init) for Mem_Init
    app.o(i.AppTaskStart) refers to os_task.o(i.OSTaskCreate) for OSTaskCreate
    app.o(i.AppTaskStart) refers to os_task.o(i.OSTaskDel) for OSTaskDel
    app.o(i.AppTaskStart) refers to app.o(.bss) for AppTaskLedStk
    app.o(i.AppTaskStart) refers to app.o(i.AppTaskLed) for AppTaskLed
    app.o(i.AppTaskStart) refers to app.o(i.AppTaskSwitch) for AppTaskSwitch
    app.o(i.AppTaskStart) refers to app.o(i.AppTaskPir) for AppTaskPir
    app.o(i.AppTaskStart) refers to app.o(i.AppTaskLed2) for AppTaskLed2
    app.o(i.AppTaskSwitch) refers to bsp_sw.o(i.BSP_SWITCH_READ) for BSP_SWITCH_READ
    app.o(i.AppTaskSwitch) refers to os_sem.o(i.OSSemPend) for OSSemPend
    app.o(i.AppTaskSwitch) refers to bsp_led.o(i.BSP_LED_7_COLORS_CLR) for BSP_LED_7_COLORS_CLR
    app.o(i.AppTaskSwitch) refers to lib_str.o(i.Str_Len) for Str_Len
    app.o(i.AppTaskSwitch) refers to bsp_uart.o(i.BSP_UART_Send_string) for BSP_UART_Send_string
    app.o(i.AppTaskSwitch) refers to os_time.o(i.OSTimeDly) for OSTimeDly
    app.o(i.AppTaskSwitch) refers to os_sem.o(i.OSSemPost) for OSSemPost
    app.o(i.AppTaskSwitch) refers to bsp.o(.data) for errorSem
    app.o(i.main) refers to cpu_a.o(.text) for CPU_IntDis
    app.o(i.main) refers to os_core.o(i.OSInit) for OSInit
    app.o(i.main) refers to os_task.o(i.OSTaskCreate) for OSTaskCreate
    app.o(i.main) refers to os_core.o(i.OSStart) for OSStart
    app.o(i.main) refers to app.o(.bss) for AppTaskStartStk
    app.o(i.main) refers to app.o(i.AppTaskStart) for AppTaskStart
    bsp.o(i.BSP_Init) refers to bsp_int.o(i.BSP_IntInit) for BSP_IntInit
    bsp.o(i.BSP_Init) refers to bsp_sys.o(i.BSP_SysInit) for BSP_SysInit
    bsp.o(i.BSP_Init) refers to bsp_led.o(i.BSP_LED_Init) for BSP_LED_Init
    bsp.o(i.BSP_Init) refers to bsp_sw.o(i.BSP_SWITCH_Init) for BSP_SWITCH_Init
    bsp.o(i.BSP_Init) refers to bsp_pir_sensor.o(i.BSP_PIR_Init) for BSP_PIR_Init
    bsp.o(i.BSP_Init) refers to bsp_uart.o(i.BSP_UART_Init) for BSP_UART_Init
    bsp.o(i.BSP_Init) refers to os_sem.o(i.OSSemCreate) for OSSemCreate
    bsp.o(i.BSP_Init) refers to os_mbox.o(i.OSMboxCreate) for OSMboxCreate
    bsp.o(i.BSP_Init) refers to bsp.o(.data) for sharedDataSem
    bsp_int.o(i.BSP_GPIOB_IntHandler) refers to cpu_a.o(.text) for CPU_SR_Save
    bsp_int.o(i.BSP_GPIOB_IntHandler) refers to os_core.o(i.OSIntEnter) for OSIntEnter
    bsp_int.o(i.BSP_GPIOB_IntHandler) refers to bsp_led.o(i.BSP_LED_7_COLORS_SET) for BSP_LED_7_COLORS_SET
    bsp_int.o(i.BSP_GPIOB_IntHandler) refers to os_core.o(i.OSIntExit) for OSIntExit
    bsp_int.o(i.BSP_GPIOF_IntHandler) refers to cpu_a.o(.text) for CPU_SR_Save
    bsp_int.o(i.BSP_GPIOF_IntHandler) refers to os_core.o(i.OSIntEnter) for OSIntEnter
    bsp_int.o(i.BSP_GPIOF_IntHandler) refers to bsp_led.o(i.BSP_LED_7_COLORS_SET) for BSP_LED_7_COLORS_SET
[...]
    ../clib/longlong.s                       0x00000000   Number         0  lludivv7m.o ABSOLUTE
    ../clib/signal.c                         0x00000000   Number         0  defsig_rtred_inner.o ABSOLUTE
    ../clib/signal.c                         0x00000000   Number         0  __raise.o ABSOLUTE
    ../clib/signal.c                         0x00000000   Number         0  defsig_fpe_inner.o ABSOLUTE
    ../clib/signal.c                         0x00000000   Number         0  defsig_cppl_inner.o ABSOLUTE
    ../clib/signal.c                         0x00000000   Number         0  defsig_pvfn_inner.o ABSOLUTE
    ../clib/signal.c                         0x00000000   Number         0  defsig_rtmem_formal.o ABSOLUTE
    ../clib/signal.c                         0x00000000   Number         0  defsig_rtmem_outer.o ABSOLUTE
    ../clib/signal.c                         0x00000000   Number         0  defsig_rtmem_inner.o ABSOLUTE
    ../clib/signal.c                         0x00000000   Number         0  defsig_exit.o ABSOLUTE
    ../clib/signal.c                         0x00000000   Number         0  defsig_abrt_inner.o ABSOLUTE
    ../clib/signal.c                         0x00000000   Number         0  defsig_segv_inner.o ABSOLUTE
    ../clib/signal.c                         0x00000000   Number         0  defsig_other.o ABSOLUTE
    ../clib/signal.c                         0x00000000   Number         0  defsig_fpe_outer.o ABSOLUTE
    ../clib/signal.c                         0x00000000   Number         0  defsig_general.o ABSOLUTE
    ../clib/signal.c                         0x00000000   Number         0  defsig_fpe_formal.o ABSOLUTE
    ../clib/signal.c                         0x00000000   Number         0  defsig_stak_inner.o ABSOLUTE
    ../clib/signal.s                         0x00000000   Number         0  defsig.o ABSOLUTE
    ../clib/stdlib.c                         0x00000000   Number         0  exit.o ABSOLUTE
    ../fplib/fpinit.s                        0x00000000   Number         0  fpinit.o ABSOLUTE
    ..\Application\app.c                     0x00000000   Number         0  app.o ABSOLUTE
    ..\Application\app_hooks.c               0x00000000   Number         0  app_hooks.o ABSOLUTE
    ..\Board_Support_Package\bsp.c           0x00000000   Number         0  bsp.o ABSOLUTE
    ..\Board_Support_Package\bsp_int.c       0x00000000   Number         0  bsp_int.o ABSOLUTE
    ..\Board_Support_Package\bsp_led.c       0x00000000   Number         0  bsp_led.o ABSOLUTE
    ..\Board_Support_Package\bsp_pir_sensor.c 0x00000000   Number         0  bsp_pir_sensor.o ABSOLUTE
    ..\Board_Support_Package\bsp_sw.c        0x00000000   Number         0  bsp_sw.o ABSOLUTE
    ..\Board_Support_Package\bsp_sys.c       0x00000000   Number         0  bsp_sys.o ABSOLUTE
    ..\Board_Support_Package\bsp_uart.c      0x00000000   Number         0  bsp_uart.o ABSOLUTE
    ..\Board_Support_Package\cpu_bsp.c       0x00000000   Number         0  cpu_bsp.o ABSOLUTE
    ..\Board_Support_Package\startup_TM4C123.s 0x00000000   Number         0  startup_tm4c123.o ABSOLUTE
    ..\uC-CPU_files\cpu_a.asm                0x00000000   Number         0  cpu_a.o ABSOLUTE
    ..\uC-CPU_files\cpu_c.c                  0x00000000   Number         0  cpu_c.o ABSOLUTE
    ..\uC-CPU_files\cpu_core.c               0x00000000   Number         0  cpu_core.o ABSOLUTE
    ..\uC-Library_files\lib_ascii.c          0x00000000   Number         0  lib_ascii.o ABSOLUTE
    ..\uC-Library_files\lib_math.c           0x00000000   Number         0  lib_math.o ABSOLUTE
    ..\uC-Library_files\lib_mem.c            0x00000000   Number         0  lib_mem.o ABSOLUTE
    ..\uC-Library_files\lib_mem_a.asm        0x00000000   Number         0  lib_mem_a.o ABSOLUTE
    ..\uC-Library_files\lib_str.c            0x00000000   Number         0  lib_str.o ABSOLUTE
    ..\uCOS-II_files\Ports\os_cpu_a.asm      0x00000000   Number         0  os_cpu_a.o ABSOLUTE
    ..\uCOS-II_files\Ports\os_cpu_c.c        0x00000000   Number         0  os_cpu_c.o ABSOLUTE
    ..\uCOS-II_files\Ports\os_dbg.c          0x00000000   Number         0  os_dbg.o ABSOLUTE
    ..\uCOS-II_files\Source\os_core.c        0x00000000   Number         0  os_core.o ABSOLUTE
    ..\uCOS-II_files\Source\os_flag.c        0x00000000   Number         0  os_flag.o ABSOLUTE
    ..\uCOS-II_files\Source\os_mbox.c        0x00000000   Number         0  os_mbox.o ABSOLUTE
    ..\uCOS-II_files\Source\os_mem.c         0x00000000   Number         0  os_mem.o ABSOLUTE
    ..\uCOS-II_files\Source\os_mutex.c       0x00000000   Number         0  os_mutex.o ABSOLUTE
    ..\uCOS-II_files\Source\os_q.c           0x00000000   Number         0  os_q.o ABSOLUTE
    ..\uCOS-II_files\Source\os_sem.c         0x00000000   Number         0  os_sem.o ABSOLUTE
    ..\uCOS-II_files\Source\os_task.c        0x00000000   Number         0  os_task.o ABSOLUTE
    ..\uCOS-II_files\Source\os_time.c        0x00000000   Number         0  os_time.o ABSOLUTE
    ..\uCOS-II_files\Source\os_tmr.c         0x00000000   Number         0  os_tmr.o ABSOLUTE
    dc.s                                     0x00000000   Number         0  dc.o ABSOLUTE
    !!!main                                  0x0000026c   Section        8  __main.o(!!!main)
    !!!scatter                               0x00000274   Section       52  __scatter.o(!!!scatter)
    !!handler_copy                           0x000002a8   Section       26  __scatter_copy.o(!!handler_copy)
    !!handler_zi                             0x000002c4   Section       28  __scatter_zi.o(!!handler_zi)
    .ARM.Collect$$libinit$$00000000          0x000002e0   Section        2  libinit.o(.ARM.Collect$$libinit$$00000000)
    .ARM.Collect$$libinit$$00000002          0x000002e2   Section        0  libinit2.o(.ARM.Collect$$libinit$$00000002)
    .ARM.Collect$$libinit$$00000008          0x000002e2   Section        0  libinit2.o(.ARM.Collect$$libinit$$00000008)
    .ARM.Collect$$libinit$$0000000A          0x000002e2   Section        0  libinit2.o(.ARM.Collect$$libinit$$0000000A)
    .ARM.Collect$$libinit$$0000000C          0x000002e2   Section        0  libinit2.o(.ARM.Collect$$libinit$$0000000C)
    .ARM.Collect$$libinit$$0000000F          0x000002e2   Section        0  libinit2.o(.ARM.Collect$$libinit$$0000000F)
    .ARM.Collect$$libinit$$00000011          0x000002e2   Section        0  libinit2.o(.ARM.Collect$$libinit$$00000011)
    .ARM.Collect$$libinit$$00000013          0x000002e2   Section        0  libinit2.o(.ARM.Collect$$libinit$$00000013)
    .ARM.Collect$$libinit$$00000015          0x000002e2   Section        0  libinit2.o(.ARM.Collect$$libinit$$00000015)
    .ARM.Collect$$libinit$$00000017          0x000002e2   Section        0  libinit2.o(.ARM.Collect$$libinit$$00000017)
    .ARM.Collect$$libinit$$00000019          0x000002e2   Section        0  libinit2.o(.ARM.Collect$$libinit$$00000019)
    .ARM.Collect$$libinit$$0000001B          0x000002e2   Section        0  libinit2.o(.ARM.Collect$$libinit$$0000001B)
    .ARM.Collect$$libinit$$0000001D          0x000002e2   Section        0  libinit2.o(.ARM.Collect$$libinit$$0000001D)
    .ARM.Collect$$libinit$$0000001F          0x000002e2   Section        0  libinit2.o(.ARM.Collect$$libinit$$0000001F)
    .ARM.Collect$$libinit$$00000021          0x000002e2   Section        0  libinit2.o(.ARM.Collect$$libinit$$00000021)
    .ARM.Collect$$libinit$$00000023          0x000002e2   Section        0  libinit2.o(.ARM.Collect$$libinit$$00000023)
    .ARM.Collect$$libinit$$0000002A          0x000002e2   Section        0  libinit2.o(.ARM.Collect$$libinit$$0000002A)
    .ARM.Collect$$libinit$$0000002C          0x000002e2   Section        0  libinit2.o(.ARM.Collect$$libinit$$0000002C)
    .ARM.Collect$$libinit$$0000002E          0x000002e2   Section        0  libinit2.o(.ARM.Collect$$libinit$$0000002E)
    .ARM.Collect$$libinit$$00000030          0x000002e2   Section        0  libinit2.o(.ARM.Collect$$libinit$$00000030)
    .ARM.Collect$$libinit$$00000031          0x000002e2   Section        2  libinit2.o(.ARM.Collect$$libinit$$00000031)
    .ARM.Collect$$libshutdown$$00000000      0x000002e4   Section        2  libshutdown.o(.ARM.Collect$$libshutdown$$00000000)
    .ARM.Collect$$libshutdown$$00000003      0x000002e6   Section        0  libshutdown2.o(.ARM.Collect$$libshutdown$$00000003)
    .ARM.Collect$$libshutdown$$00000006      0x000002e6   Section        0  libshutdown2.o(.ARM.Collect$$libshutdown$$00000006)
    .ARM.Collect$$libshutdown$$00000009      0x000002e6   Section        0  libshutdown2.o(.ARM.Collect$$libshutdown$$00000009)
    .ARM.Collect$$libshutdown$$0000000B      0x000002e6   Section        0  libshutdown2.o(.ARM.Collect$$libshutdown$$0000000B)
    .ARM.Collect$$libshutdown$$0000000E      0x000002e6   Section        0  libshutdown2.o(.ARM.Collect$$libshutdown$$0000000E)
    .ARM.Collect$$libshutdown$$0000000F      0x000002e6   Section        2  libshutdown2.o(.ARM.Collect$$libshutdown$$0000000F)
    .ARM.Collect$$rtentry$$00000000          0x000002e8   Section        0  rtentry.o(.ARM.Collect$$rtentry$$00000000)
    .ARM.Collect$$rtentry$$00000002          0x000002e8   Section        0  rtentry2.o(.ARM.Collect$$rtentry$$00000002)
    .ARM.Collect$$rtentry$$00000004          0x000002e8   Section        6  rtentry4.o(.ARM.Collect$$rtentry$$00000004)
    .ARM.Collect$$rtentry$$00000009          0x000002ee   Section        0  rtentry2.o(.ARM.Collect$$rtentry$$00000009)
    .ARM.Collect$$rtentry$$0000000A          0x000002ee   Section        4  rtentry2.o(.ARM.Collect$$rtentry$$0000000A)
    .ARM.Collect$$rtentry$$0000000C          0x000002f2   Section        0  rtentry2.o(.ARM.Collect$$rtentry$$0000000C)
    .ARM.Collect$$rtentry$$0000000D          0x000002f2   Section        8  rtentry2.o(.ARM.Collect$$rtentry$$0000000D)
    .ARM.Collect$$rtexit$$00000000           0x000002fa   Section        2  rtexit.o(.ARM.Collect$$rtexit$$00000000)
    .ARM.Collect$$rtexit$$00000002           0x000002fc   Section        0  rtexit2.o(.ARM.Collect$$rtexit$$00000002)
    .ARM.Collect$$rtexit$$00000003           0x000002fc   Section        4  rtexit2.o(.ARM.Collect$$rtexit$$00000003)
    .ARM.Collect$$rtexit$$00000004           0x00000300   Section        6  rtexit2.o(.ARM.Collect$$rtexit$$00000004)
    .text                                    0x00000308   Section      268  startup_tm4c123.o(.text)
    .text                                    0x00000414   Section       52  cpu_a.o(.text)
    .text                                    0x00000448   Section      176  os_cpu_a.o(.text)
    .text                                    0x000004f8   Section        0  heapauxi.o(.text)
    .text                                    0x000004fe   Section       74  sys_stackheap_outer.o(.text)
    .text                                    0x00000548   Section        0  exit.o(.text)
    .text                                    0x00000554   Section        8  libspace.o(.text)
    .text                                    0x0000055c   Section        0  sys_exit.o(.text)
    .text                                    0x00000568   Section        2  use_no_semi.o(.text)
    .text                                    0x0000056a   Section        0  indicate_semi.o(.text)
    i.AppTaskLed                             0x0000056c   Section        0  app.o(i.AppTaskLed)
    AppTaskLed                               0x0000056d   Thumb Code    62  app.o(i.AppTaskLed)
    i.AppTaskLed2                            0x000005b4   Section        0  app.o(i.AppTaskLed2)
    AppTaskLed2                              0x000005b5   Thumb Code   164  app.o(i.AppTaskLed2)
    i.AppTaskPir                             0x0000069c   Section        0  app.o(i.AppTaskPir)
    AppTaskPir                               0x0000069d   Thumb Code    58  app.o(i.AppTaskPir)
    i.AppTaskStart                           0x000006e4   Section        0  app.o(i.AppTaskStart)
    AppTaskStart                             0x000006e5   Thumb Code    92  app.o(i.AppTaskStart)
    i.AppTaskSwitch                          0x00000760   Section        0  app.o(i.AppTaskSwitch)
    AppTaskSwitch                            0x00000761   Thumb Code    84  app.o(i.AppTaskSwitch)
    i.App_TCBInitHook                        0x000007e0   Section        0  app_hooks.o(i.App_TCBInitHook)
    i.App_TaskCreateHook                     0x000007e2   Section        0  app_hooks.o(i.App_TaskCreateHook)
    i.App_TaskDelHook                        0x000007e4   Section        0  app_hooks.o(i.App_TaskDelHook)
    i.App_TaskIdleHook                       0x000007e6   Section        0  app_hooks.o(i.App_TaskIdleHook)
    i.App_TaskReturnHook                     0x000007e8   Section        0  app_hooks.o(i.App_TaskReturnHook)
    i.App_TaskStatHook                       0x000007ea   Section        0  app_hooks.o(i.App_TaskStatHook)
    i.App_TaskSwHook                         0x000007ec   Section        0  app_hooks.o(i.App_TaskSwHook)
    i.App_TimeTickHook                       0x000007ee   Section        0  app_hooks.o(i.App_TimeTickHook)
    i.BSP_GPIOB_IntHandler                   0x000007f0   Section        0  bsp_int.o(i.BSP_GPIOB_IntHandler)
    i.BSP_GPIOF_IntHandler                   0x00000832   Section        0  bsp_int.o(i.BSP_GPIOF_IntHandler)
    i.BSP_Init                               0x00000864   Section        0  bsp.o(i.BSP_Init)
    i.BSP_IntHandlerDummy                    0x000008b0   Section        0  bsp_int.o(i.BSP_IntHandlerDummy)
    BSP_IntHandlerDummy                      0x000008b1   Thumb Code     4  bsp_int.o(i.BSP_IntHandlerDummy)
    i.BSP_IntHandlerGPIOB                    0x000008b4   Section        0  bsp_int.o(i.BSP_IntHandlerGPIOB)
    i.BSP_IntHandlerGPIOF                    0x000008bc   Section        0  bsp_int.o(i.BSP_IntHandlerGPIOF)
    i.BSP_IntInit                            0x000008c4   Section        0  bsp_int.o(i.BSP_IntInit)
    i.BSP_IntVectSet                         0x0000091c   Section        0  bsp_int.o(i.BSP_IntVectSet)
    i.BSP_LED_7_COLORS_CLR                   0x00000950   Section        0  bsp_led.o(i.BSP_LED_7_COLORS_CLR)
    i.BSP_LED_7_COLORS_SET                   0x000009e0   Section        0  bsp_led.o(i.BSP_LED_7_COLORS_SET)
    i.BSP_LED_Init                           0x00000a70   Section        0  bsp_led.o(i.BSP_LED_Init)
    i.BSP_LED_UART_print                     0x00000aa4   Section        0  bsp_led.o(i.BSP_LED_UART_print)
    i.BSP_PIR_Init                           0x00000b7c   Section        0  bsp_pir_sensor.o(i.BSP_PIR_Init)
    i.BSP_SWITCH_Init                        0x00000bc0   Section        0  bsp_sw.o(i.BSP_SWITCH_Init)
    i.BSP_SWITCH_READ                        0x00000bf4   Section        0  bsp_sw.o(i.BSP_SWITCH_READ)
    i.BSP_SysClkFreqGet                      0x00000c14   Section        0  bsp_sys.o(i.BSP_SysClkFreqGet)
    i.BSP_SysInit                            0x00000cb4   Section        0  bsp_sys.o(i.BSP_SysInit)
    i.BSP_UART_Init                          0x00000d54   Section        0  bsp_uart.o(i.BSP_UART_Init)
    i.BSP_UART_Send                          0x00000e08   Section        0  bsp_uart.o(i.BSP_UART_Send)
    i.BSP_UART_Send_string                   0x00000e44   Section        0  bsp_uart.o(i.BSP_UART_Send_string)
    i.BSP_pir_out                            0x00000e60   Section        0  bsp_pir_sensor.o(i.BSP_pir_out)
    i.CPU_Init                               0x00000e70   Section        0  cpu_core.o(i.CPU_Init)
    i.CPU_NameClr                            0x00000e7c   Section        0  cpu_core.o(i.CPU_NameClr)
    i.CPU_NameInit                           0x00000eac   Section        0  cpu_core.o(i.CPU_NameInit)
    CPU_NameInit                             0x00000ead   Thumb Code     8  cpu_core.o(i.CPU_NameInit)
    i.CPU_TS_Init                            0x00000eb4   Section        0  cpu_core.o(i.CPU_TS_Init)
    CPU_TS_Init                              0x00000eb5   Thumb Code    14  cpu_core.o(i.CPU_TS_Init)
    i.CPU_TS_TmrFreqSet                      0x00000ec8   Section        0  cpu_core.o(i.CPU_TS_TmrFreqSet)
    i.CPU_TS_TmrInit                         0x00000ed4   Section        0  cpu_bsp.o(i.CPU_TS_TmrInit)
    i.Mem_Clr                                0x00000f08   Section        0  lib_mem.o(i.Mem_Clr)
    i.Mem_Init                               0x00000f1c   Section        0  lib_mem.o(i.Mem_Init)
    i.Mem_Set                                0x00000f64   Section        0  lib_mem.o(i.Mem_Set)
    i.OSDebugInit                            0x00000fc8   Section        0  os_dbg.o(i.OSDebugInit)
    i.OSEventNameSet                         0x00001124   Section        0  os_core.o(i.OSEventNameSet)
    i.OSInit                                 0x0000117c   Section        0  os_core.o(i.OSInit)
    i.OSInitHookBegin                        0x000011b4   Section        0  os_cpu_c.o(i.OSInitHookBegin)
    i.OSInitHookEnd                          0x000011ec   Section        0  os_cpu_c.o(i.OSInitHookEnd)
    i.OSIntEnter                             0x000011f0   Section        0  os_core.o(i.OSIntEnter)
    i.OSIntExit                              0x00001214   Section        0  os_core.o(i.OSIntExit)
    i.OSMboxCreate                           0x000012a4   Section        0  os_mbox.o(i.OSMboxCreate)
    i.OSMboxPend                             0x000012f8   Section        0  os_mbox.o(i.OSMboxPend)
    i.OSMboxPost                             0x00001400   Section        0  os_mbox.o(i.OSMboxPost)
    i.OSSchedLock                            0x00001450   Section        0  os_core.o(i.OSSchedLock)
    i.OSSchedUnlock                          0x00001490   Section        0  os_core.o(i.OSSchedUnlock)
    i.OSSemCreate                            0x000014f0   Section        0  os_sem.o(i.OSSemCreate)
    i.OSSemPend                              0x00001544   Section        0  os_sem.o(i.OSSemPend)
    i.OSSemPost                              0x00001634   Section        0  os_sem.o(i.OSSemPost)
    i.OSStart                                0x0000168c   Section        0  os_core.o(i.OSStart)
    i.OSTCBInitHook                          0x000016d4   Section        0  os_cpu_c.o(i.OSTCBInitHook)
    i.OSTaskCreate                           0x000016e0   Section        0  os_task.o(i.OSTaskCreate)
    i.OSTaskCreateExt                        0x00001780   Section        0  os_task.o(i.OSTaskCreateExt)
    i.OSTaskCreateHook                       0x00001838   Section        0  os_cpu_c.o(i.OSTaskCreateHook)
    i.OSTaskDel                              0x00001844   Section        0  os_task.o(i.OSTaskDel)
    i.OSTaskDelHook                          0x000019a4   Section        0  os_cpu_c.o(i.OSTaskDelHook)
    i.OSTaskIdleHook                         0x000019b0   Section        0  os_cpu_c.o(i.OSTaskIdleHook)
    i.OSTaskNameSet                          0x000019b8   Section        0  os_task.o(i.OSTaskNameSet)
    i.OSTaskReturnHook                       0x00001a28   Section        0  os_cpu_c.o(i.OSTaskReturnHook)
    i.OSTaskStatHook                         0x00001a34   Section        0  os_cpu_c.o(i.OSTaskStatHook)
    i.OSTaskStkChk                           0x00001a3c   Section        0  os_task.o(i.OSTaskStkChk)
    i.OSTaskStkInit                          0x00001ac4   Section        0  os_cpu_c.o(i.OSTaskStkInit)
    i.OSTaskSuspend                          0x00001b68   Section        0  os_task.o(i.OSTaskSuspend)
    i.OSTaskSwHook                           0x00001c10   Section        0  os_cpu_c.o(i.OSTaskSwHook)
    i.OSTimeDly                              0x00001c18   Section        0  os_time.o(i.OSTimeDly)
    i.OSTimeTick                             0x00001c90   Section        0  os_core.o(i.OSTimeTick)
    i.OSTimeTickHook                         0x00001d84   Section        0  os_cpu_c.o(i.OSTimeTickHook)
    i.OSTmrSignal                            0x00001dac   Section        0  os_tmr.o(i.OSTmrSignal)
    i.OSTmr_Init                             0x00001dc0   Section        0  os_tmr.o(i.OSTmr_Init)
    i.OSTmr_InitTask                         0x00001eb4   Section        0  os_tmr.o(i.OSTmr_InitTask)
    OSTmr_InitTask                           0x00001eb5   Thumb Code    50  os_tmr.o(i.OSTmr_InitTask)
    i.OSTmr_Link                             0x00001f04   Section        0  os_tmr.o(i.OSTmr_Link)
    OSTmr_Link                               0x00001f05   Thumb Code   100  os_tmr.o(i.OSTmr_Link)
    i.OSTmr_Task                             0x00001f70   Section        0  os_tmr.o(i.OSTmr_Task)
    OSTmr_Task                               0x00001f71   Thumb Code   114  os_tmr.o(i.OSTmr_Task)
    i.OSTmr_Unlink                           0x00001ff0   Section        0  os_tmr.o(i.OSTmr_Unlink)
    OSTmr_Unlink                             0x00001ff1   Thumb Code    62  os_tmr.o(i.OSTmr_Unlink)
    i.OS_CPU_SysTickHandler                  0x00002034   Section        0  os_cpu_c.o(i.OS_CPU_SysTickHandler)
    i.OS_CPU_SysTickInit                     0x0000205c   Section        0  os_cpu_c.o(i.OS_CPU_SysTickInit)
    i.OS_Dummy                               0x0000208c   Section        0  os_core.o(i.OS_Dummy)
    i.OS_EventTaskRdy                        0x00002090   Section        0  os_core.o(i.OS_EventTaskRdy)
    i.OS_EventTaskRemove                     0x00002124   Section        0  os_core.o(i.OS_EventTaskRemove)
    i.OS_EventTaskRemoveMulti                0x00002152   Section        0  os_core.o(i.OS_EventTaskRemoveMulti)
    i.OS_EventTaskWait                       0x00002190   Section        0  os_core.o(i.OS_EventTaskWait)
    i.OS_EventWaitListInit                   0x0000220c   Section        0  os_core.o(i.OS_EventWaitListInit)
    i.OS_FlagInit                            0x00002228   Section        0  os_flag.o(i.OS_FlagInit)
    i.OS_FlagUnlink                          0x00002280   Section        0  os_flag.o(i.OS_FlagUnlink)
    i.OS_InitEventList                       0x000022a4   Section        0  os_core.o(i.OS_InitEventList)
    OS_InitEventList                         0x000022a5   Thumb Code    82  os_core.o(i.OS_InitEventList)
    i.OS_InitMisc                            0x00002304   Section        0  os_core.o(i.OS_InitMisc)
    OS_InitMisc                              0x00002305   Thumb Code    48  os_core.o(i.OS_InitMisc)
    i.OS_InitRdyList                         0x00002360   Section        0  os_core.o(i.OS_InitRdyList)
    OS_InitRdyList                           0x00002361   Thumb Code    44  os_core.o(i.OS_InitRdyList)
    i.OS_InitTCBList                         0x000023a4   Section        0  os_core.o(i.OS_InitTCBList)
    OS_InitTCBList                           0x000023a5   Thumb Code   106  os_core.o(i.OS_InitTCBList)
    i.OS_InitTaskIdle                        0x00002424   Section        0  os_core.o(i.OS_InitTaskIdle)
    OS_InitTaskIdle                          0x00002425   Thumb Code    50  os_core.o(i.OS_InitTaskIdle)
    i.OS_InitTaskStat                        0x00002474   Section        0  os_core.o(i.OS_InitTaskStat)
    OS_InitTaskStat                          0x00002475   Thumb Code    50  os_core.o(i.OS_InitTaskStat)
    i.OS_MemClr                              0x000024c4   Section        0  os_core.o(i.OS_MemClr)
    i.OS_MemInit                             0x000024d8   Section        0  os_mem.o(i.OS_MemInit)
    i.OS_QInit                               0x00002530   Section        0  os_q.o(i.OS_QInit)
    i.OS_Sched                               0x00002580   Section        0  os_core.o(i.OS_Sched)
    i.OS_SchedNew                            0x000025f4   Section        0  os_core.o(i.OS_SchedNew)
    OS_SchedNew                              0x000025f5   Thumb Code    26  os_core.o(i.OS_SchedNew)
    i.OS_TCBInit                             0x00002620   Section        0  os_core.o(i.OS_TCBInit)
    i.OS_TaskIdle                            0x00002770   Section        0  os_core.o(i.OS_TaskIdle)
    i.OS_TaskReturn                          0x00002798   Section        0  os_task.o(i.OS_TaskReturn)
    i.OS_TaskStat                            0x000027b0   Section        0  os_core.o(i.OS_TaskStat)
    i.OS_TaskStatStkChk                      0x00002850   Section        0  os_core.o(i.OS_TaskStatStkChk)
    i.OS_TaskStkClr                          0x0000288c   Section        0  os_task.o(i.OS_TaskStkClr)
    i.Str_Len                                0x000028a6   Section        0  lib_str.o(i.Str_Len)
    i.Str_Len_N                              0x000028ba   Section        0  lib_str.o(i.Str_Len_N)
    i.main                                   0x000028d8   Section        0  app.o(i.main)
    .constdata                               0x000028fc   Section       68  app.o(.constdata)
    .constdata                               0x00002940   Section      256  os_core.o(.constdata)
    .constdata                               0x00002a40   Section      116  os_dbg.o(.constdata)
    .data                                    0x20000000   Section       28  bsp.o(.data)
    .data                                    0x2000001c   Section        1  bsp_sw.o(.data)
    .data                                    0x20000020   Section        4  lib_mem.o(.data)
    .data                                    0x20000024   Section        4  cpu_core.o(.data)
    .data                                    0x20000028   Section      100  os_core.o(.data)
    .data                                    0x2000008c   Section        6  os_cpu_c.o(.data)
    OSTmrCtr                                 0x20000090   Data           2  os_cpu_c.o(.data)
    .bss                                     0x20000094   Section     5120  app.o(.bss)
    AppTaskStartStk                          0x20000094   Data        1024  app.o(.bss)
    AppTaskLedStk                            0x20000494   Data        1024  app.o(.bss)
    AppTaskSwStk                             0x20000894   Data        1024  app.o(.bss)
    AppTaskPirStk                            0x20000c94   Data        1024  app.o(.bss)
    AppTaskLed2Stk                           0x20001094   Data        1024  app.o(.bss)
    .bss                                     0x20001494   Section      556  bsp_int.o(.bss)
    BSP_IntVectTbl                           0x20001494   Data         556  bsp_int.o(.bss)
    .bss                                     0x200016c0   Section     1096  lib_mem.o(.bss)
    .bss                                     0x20001b08   Section       16  cpu_core.o(.bss)
    .bss                                     0x20001b18   Section     4968  os_core.o(.bss)
    .bss                                     0x20002e80   Section      512  os_cpu_c.o(.bss)
    .bss                                     0x20003080   Section       96  libspace.o(.bss)
    HEAP                                     0x200030e0   Section        0  startup_tm4c123.o(HEAP)
    STACK                                    0x200030e0   Section      512  startup_tm4c123.o(STACK)
    Heap_Mem                                 0x200030e0   Data           0  startup_tm4c123.o(HEAP)
    Stack_Mem                                0x200030e0   Data         512  startup_tm4c123.o(STACK)
    __initial_sp                             0x200032e0   Data           0  startup_tm4c123.o(STACK)

    Global Symbols

    Symbol Name                              Value     Ov Type        Size  Object(Section)

    BuildAttributes$$THM_ISAv4$E$P$D$K$B$S$7EM$PE$A:L22UL41UL21$X:L11$S22US41US21$IEEE1$IW$USESV6$~STKCKD$USESV7$~SHL$OSPACE$ROPI$EBA8$UX$STANDARDLIB$REQ8$PRES8$EABIv2 0x00000000   Number         0  anon$$obj.o ABSOLUTE
    __ARM_use_no_argv                        0x00000000   Number         0  app.o ABSOLUTE
    __Vectors                                0x00000000   Data           4  startup_tm4c123.o(RESET)
    __ARM_exceptions_init                     - Undefined Weak Reference
    __alloca_initialize                       - Undefined Weak Reference
    __cpp_initialize__aeabi_                  - Undefined Weak Reference
    __cxa_finalize                            - Undefined Weak Reference
    __rt_locale                               - Undefined Weak Reference
    __sigvec_lookup                           - Undefined Weak Reference
    _atexit_init                              - Undefined Weak Reference
    _call_atexit_fns                          - Undefined Weak Reference
    _clock_init                               - Undefined Weak Reference
    _fp_trap_init                             - Undefined Weak Reference
    _fp_trap_shutdown                         - Undefined Weak Reference
    _get_lc_collate                           - Undefined Weak Reference
    _get_lc_ctype                             - Undefined Weak Reference
    _get_lc_monetary                          - Undefined Weak Reference
    _get_lc_numeric                           - Undefined Weak Reference
    _get_lc_time                              - Undefined Weak Reference
    _getenv_init                              - Undefined Weak Reference
    _handle_redirection                       - Undefined Weak Reference
    _init_alloc                               - Undefined Weak Reference
    _init_user_alloc                          - Undefined Weak Reference
    _initio                                   - Undefined Weak Reference
    _rand_init                                - Undefined Weak Reference
    _signal_finish                            - Undefined Weak Reference
    _signal_init                              - Undefined Weak Reference
    _terminate_alloc                          - Undefined Weak Reference
    _terminate_user_alloc                     - Undefined Weak Reference
    _terminateio                              - Undefined Weak Reference
    __Vectors_End                            0x0000026c   Data           0  startup_tm4c123.o(RESET)
    __Vectors_Size                           0x0000026c   Number         0  startup_tm4c123.o ABSOLUTE
    __main                                   0x0000026d   Thumb Code     8  __main.o(!!!main)
    __scatterload                            0x00000275   Thumb Code     0  __scatter.o(!!!scatter)
    __scatterload_rt2                        0x00000275   Thumb Code    44  __scatter.o(!!!scatter)
    __scatterload_rt2_thumb_only             0x00000275   Thumb Code     0  __scatter.o(!!!scatter)
    __scatterload_null                       0x00000283   Thumb Code     0  __scatter.o(!!!scatter)
    __scatterload_copy                       0x000002a9   Thumb Code    26  __scatter_copy.o(!!handler_copy)
    __scatterload_zeroinit                   0x000002c5   Thumb Code    28  __scatter_zi.o(!!handler_zi)
    __rt_lib_init                            0x000002e1   Thumb Code     0  libinit.o(.ARM.Collect$$libinit$$00000000)
    __rt_lib_init_alloca_1                   0x000002e3   Thumb Code     0  libinit2.o(.ARM.Collect$$libinit$$0000002C)
    __rt_lib_init_argv_1                     0x000002e3   Thumb Code     0  libinit2.o(.ARM.Collect$$libinit$$0000002A)
    __rt_lib_init_atexit_1                   0x000002e3   Thumb Code     0  libinit2.o(.ARM.Collect$$libinit$$00000019)
    __rt_lib_init_clock_1                    0x000002e3   Thumb Code     0  libinit2.o(.ARM.Collect$$libinit$$0000001F)
    __rt_lib_init_cpp_1                      0x000002e3   Thumb Code     0  libinit2.o(.ARM.Collect$$libinit$$00000030)
    __rt_lib_init_exceptions_1               0x000002e3   Thumb Code     0  libinit2.o(.ARM.Collect$$libinit$$0000002E)
    __rt_lib_init_fp_1                       0x000002e3   Thumb Code     0  libinit2.o(.ARM.Collect$$libinit$$00000002)
    __rt_lib_init_fp_trap_1                  0x000002e3   Thumb Code     0  libinit2.o(.ARM.Collect$$libinit$$0000001D)
    __rt_lib_init_getenv_1                   0x000002e3   Thumb Code     0  libinit2.o(.ARM.Collect$$libinit$$00000021)
    __rt_lib_init_heap_1                     0x000002e3   Thumb Code     0  libinit2.o(.ARM.Collect$$libinit$$00000008)
    __rt_lib_init_lc_collate_1               0x000002e3   Thumb Code     0  libinit2.o(.ARM.Collect$$libinit$$0000000F)
    __rt_lib_init_lc_ctype_1                 0x000002e3   Thumb Code     0  libinit2.o(.ARM.Collect$$libinit$$00000011)
    __rt_lib_init_lc_monetary_1              0x000002e3   Thumb Code     0  libinit2.o(.ARM.Collect$$libinit$$00000013)
    __rt_lib_init_lc_numeric_1               0x000002e3   Thumb Code     0  libinit2.o(.ARM.Collect$$libinit$$00000015)
    __rt_lib_init_lc_time_1                  0x000002e3   Thumb Code     0  libinit2.o(.ARM.Collect$$libinit$$00000017)
    __rt_lib_init_rand_1                     0x000002e3   Thumb Code     0  libinit2.o(.ARM.Collect$$libinit$$0000000C)
    __rt_lib_init_return                     0x000002e3   Thumb Code     0  libinit2.o(.ARM.Collect$$libinit$$00000031)
    __rt_lib_init_signal_1                   0x000002e3   Thumb Code     0  libinit2.o(.ARM.Collect$$libinit$$0000001B)
    __rt_lib_init_stdio_1                    0x000002e3   Thumb Code     0  libinit2.o(.ARM.Collect$$libinit$$00000023)
    __rt_lib_init_user_alloc_1               0x000002e3   Thumb Code     0  libinit2.o(.ARM.Collect$$libinit$$0000000A)
    __rt_lib_shutdown                        0x000002e5   Thumb Code     0  libshutdown.o(.ARM.Collect$$libshutdown$$00000000)
    __rt_lib_shutdown_fp_trap_1              0x000002e7   Thumb Code     0  libshutdown2.o(.ARM.Collect$$libshutdown$$00000006)
    __rt_lib_shutdown_heap_1                 0x000002e7   Thumb Code     0  libshutdown2.o(.ARM.Collect$$libshutdown$$0000000E)
    __rt_lib_shutdown_return                 0x000002e7   Thumb Code     0  libshutdown2.o(.ARM.Collect$$libshutdown$$0000000F)
    __rt_lib_shutdown_signal_1               0x000002e7   Thumb Code     0  libshutdown2.o(.ARM.Collect$$libshutdown$$00000009)
    __rt_lib_shutdown_stdio_1                0x000002e7   Thumb Code     0  libshutdown2.o(.ARM.Collect$$libshutdown$$00000003)
    __rt_lib_shutdown_user_alloc_1           0x000002e7   Thumb Code     0  libshutdown2.o(.ARM.Collect$$libshutdown$$0000000B)
    __rt_entry                               0x000002e9   Thumb Code     0  rtentry.o(.ARM.Collect$$rtentry$$00000000)
    __rt_entry_presh_1                       0x000002e9   Thumb Code     0  rtentry2.o(.ARM.Collect$$rtentry$$00000002)
    __rt_entry_sh                            0x000002e9   Thumb Code     0  rtentry4.o(.ARM.Collect$$rtentry$$00000004)
    __rt_entry_li                            0x000002ef   Thumb Code     0  rtentry2.o(.ARM.Collect$$rtentry$$0000000A)
    __rt_entry_postsh_1                      0x000002ef   Thumb Code     0  rtentry2.o(.ARM.Collect$$rtentry$$00000009)
    __rt_entry_main                          0x000002f3   Thumb Code     0  rtentry2.o(.ARM.Collect$$rtentry$$0000000D)
    __rt_entry_postli_1                      0x000002f3   Thumb Code     0  rtentry2.o(.ARM.Collect$$rtentry$$0000000C)
    __rt_exit                                0x000002fb   Thumb Code     0  rtexit.o(.ARM.Collect$$rtexit$$00000000)
    __rt_exit_ls                             0x000002fd   Thumb Code     0  rtexit2.o(.ARM.Collect$$rtexit$$00000003)
    __rt_exit_prels_1                        0x000002fd   Thumb Code     0  rtexit2.o(.ARM.Collect$$rtexit$$00000002)
    __rt_exit_exit                           0x00000301   Thumb Code     0  rtexit2.o(.ARM.Collect$$rtexit$$00000004)
    Reset_Handler                            0x00000309   Thumb Code     4  startup_tm4c123.o(.text)
    NMI_Handler                              0x0000030d   Thumb Code     2  startup_tm4c123.o(.text)
    HardFault_Handler                        0x0000030f   Thumb Code     2  startup_tm4c123.o(.text)
    MemManage_Handler                        0x00000311   Thumb Code     2  startup_tm4c123.o(.text)
    BusFault_Handler                         0x00000313   Thumb Code     2  startup_tm4c123.o(.text)
    UsageFault_Handler                       0x00000315   Thumb Code     2  startup_tm4c123.o(.text)
    SVC_Handler                              0x00000317   Thumb Code     2  startup_tm4c123.o(.text)
    DebugMon_Handler                         0x00000319   Thumb Code     2  startup_tm4c123.o(.text)
    PendSV_Handler                           0x0000031b   Thumb Code     2  startup_tm4c123.o(.text)
    SysTick_Handler                          0x0000031d   Thumb Code     2  startup_tm4c123.o(.text)
    GPIOA_Handler                            0x0000031f   Thumb Code     2  startup_tm4c123.o(.text)
    GPIOB_Handler                            0x00000321   Thumb Code     2  startup_tm4c123.o(.text)
    GPIOC_Handler                            0x00000323   Thumb Code     2  startup_tm4c123.o(.text)
    GPIOD_Handler                            0x00000325   Thumb Code     2  startup_tm4c123.o(.text)
    GPIOE_Handler                            0x00000327   Thumb Code     2  startup_tm4c123.o(.text)
    UART0_Handler                            0x00000329   Thumb Code     2  startup_tm4c123.o(.text)
    UART1_Handler                            0x0000032b   Thumb Code     2  startup_tm4c123.o(.text)
    SSI0_Handler                             0x0000032d   Thumb Code     2  startup_tm4c123.o(.text)
    I2C0_Handler                             0x0000032f   Thumb Code     2  startup_tm4c123.o(.text)
    PMW0_FAULT_Handler                       0x00000331   Thumb Code     2  startup_tm4c123.o(.text)
    PWM0_0_Handler                           0x00000333   Thumb Code     2  startup_tm4c123.o(.text)
    PWM0_1_Handler                           0x00000335   Thumb Code     2  startup_tm4c123.o(.text)
    PWM0_2_Handler                           0x00000337   Thumb Code     2  startup_tm4c123.o(.text)
    QEI0_Handler                             0x00000339   Thumb Code     2  startup_tm4c123.o(.text)
    ADC0SS0_Handler                          0x0000033b   Thumb Code     2  startup_tm4c123.o(.text)
    ADC0SS1_Handler                          0x0000033d   Thumb Code     2  startup_tm4c123.o(.text)
    ADC0SS2_Handler                          0x0000033f   Thumb Code     2  startup_tm4c123.o(.text)
    ADC0SS3_Handler                          0x00000341   Thumb Code     2  startup_tm4c123.o(.text)
    WDT0_Handler                             0x00000343   Thumb Code     2  startup_tm4c123.o(.text)
    TIMER0A_Handler                          0x00000345   Thumb Code     2  startup_tm4c123.o(.text)
    TIMER0B_Handler                          0x00000347   Thumb Code     2  startup_tm4c123.o(.text)
    TIMER1A_Handler                          0x00000349   Thumb Code     2  startup_tm4c123.o(.text)
    TIMER1B_Handler                          0x0000034b   Thumb Code     2  startup_tm4c123.o(.text)
    TIMER2A_Handler                          0x0000034d   Thumb Code     2  startup_tm4c123.o(.text)
    TIMER2B_Handler                          0x0000034f   Thumb Code     2  startup_tm4c123.o(.text)
    COMP0_Handler                            0x00000351   Thumb Code     2  startup_tm4c123.o(.text)
    COMP1_Handler                            0x00000353   Thumb Code     2  startup_tm4c123.o(.text)
    COMP2_Handler                            0x00000355   Thumb Code     2  startup_tm4c123.o(.text)
    SYSCTL_Handler                           0x00000357   Thumb Code     2  startup_tm4c123.o(.text)
    FLASH_Handler                            0x00000359   Thumb Code     2  startup_tm4c123.o(.text)
    GPIOF_Handler                            0x0000035b   Thumb Code     2  startup_tm4c123.o(.text)
    GPIOG_Handler                            0x0000035d   Thumb Code     2  startup_tm4c123.o(.text)
    GPIOH_Handler                            0x0000035f   Thumb Code     2  startup_tm4c123.o(.text)
    UART2_Handler                            0x00000361   Thumb Code     2  startup_tm4c123.o(.text)
    SSI1_Handler                             0x00000363   Thumb Code     2  startup_tm4c123.o(.text)
    TIMER3A_Handler                          0x00000365   Thumb Code     2  startup_tm4c123.o(.text)
    TIMER3B_Handler                          0x00000367   Thumb Code     2  startup_tm4c123.o(.text)
    I2C1_Handler                             0x00000369   Thumb Code     2  startup_tm4c123.o(.text)
    QEI1_Handler                             0x0000036b   Thumb Code     2  startup_tm4c123.o(.text)
    CAN0_Handler                             0x0000036d   Thumb Code     2  startup_tm4c123.o(.text)
    CAN1_Handler                             0x0000036f   Thumb Code     2  startup_tm4c123.o(.text)
    CAN2_Handler                             0x00000371   Thumb Code     2  startup_tm4c123.o(.text)
    HIB_Handler                              0x00000373   Thumb Code     2  startup_tm4c123.o(.text)
    USB0_Handler                             0x00000375   Thumb Code     2  startup_tm4c123.o(.text)
    PWM0_3_Handler                           0x00000377   Thumb Code     2  startup_tm4c123.o(.text)
    UDMA_Handler                             0x00000379   Thumb Code     2  startup_tm4c123.o(.text)
    UDMAERR_Handler                          0x0000037b   Thumb Code     2  startup_tm4c123.o(.text)
    ADC1SS0_Handler                          0x0000037d   Thumb Code     2  startup_tm4c123.o(.text)
    ADC1SS1_Handler                          0x0000037f   Thumb Code     2  startup_tm4c123.o(.text)
    ADC1SS2_Handler                          0x00000381   Thumb Code     2  startup_tm4c123.o(.text)
    ADC1SS3_Handler                          0x00000383   Thumb Code     2  startup_tm4c123.o(.text)
    GPIOJ_Handler                            0x00000385   Thumb Code     2  startup_tm4c123.o(.text)
    GPIOK_Handler                            0x00000387   Thumb Code     2  startup_tm4c123.o(.text)
    GPIOL_Handler                            0x00000389   Thumb Code     2  startup_tm4c123.o(.text)
    SSI2_Handler                             0x0000038b   Thumb Code     2  startup_tm4c123.o(.text)
    SSI3_Handler                             0x0000038d   Thumb Code     2  startup_tm4c123.o(.text)
    UART3_Handler                            0x0000038f   Thumb Code     2  startup_tm4c123.o(.text)
    UART4_Handler                            0x00000391   Thumb Code     2  startup_tm4c123.o(.text)
    UART5_Handler                            0x00000393   Thumb Code     2  startup_tm4c123.o(.text)
    UART6_Handler                            0x00000395   Thumb Code     2  startup_tm4c123.o(.text)
    UART7_Handler                            0x00000397   Thumb Code     2  startup_tm4c123.o(.text)
    I2C2_Handler                             0x00000399   Thumb Code     2  startup_tm4c123.o(.text)
    I2C3_Handler                             0x0000039b   Thumb Code     2  startup_tm4c123.o(.text)
    TIMER4A_Handler                          0x0000039d   Thumb Code     2  startup_tm4c123.o(.text)
    TIMER4B_Handler                          0x0000039f   Thumb Code     2  startup_tm4c123.o(.text)
    TIMER5A_Handler                          0x000003a1   Thumb Code     2  startup_tm4c123.o(.text)
    TIMER5B_Handler                          0x000003a3   Thumb Code     2  startup_tm4c123.o(.text)
    WTIMER0A_Handler                         0x000003a5   Thumb Code     2  startup_tm4c123.o(.text)
    WTIMER0B_Handler                         0x000003a7   Thumb Code     2  startup_tm4c123.o(.text)
    WTIMER1A_Handler                         0x000003a9   Thumb Code     2  startup_tm4c123.o(.text)
    WTIMER1B_Handler                         0x000003ab   Thumb Code     2  startup_tm4c123.o(.text)
    WTIMER2A_Handler                         0x000003ad   Thumb Code     2  startup_tm4c123.o(.text)
    WTIMER2B_Handler                         0x000003af   Thumb Code     2  startup_tm4c123.o(.text)
    WTIMER3A_Handler                         0x000003b1   Thumb Code     2  startup_tm4c123.o(.text)
    WTIMER3B_Handler                         0x000003b3   Thumb Code     2  startup_tm4c123.o(.text)
    WTIMER4A_Handler                         0x000003b5   Thumb Code     2  startup_tm4c123.o(.text)
    WTIMER4B_Handler                         0x000003b7   Thumb Code     2  startup_tm4c123.o(.text)
    WTIMER5A_Handler                         0x000003b9   Thumb Code     2  startup_tm4c123.o(.text)
    WTIMER5B_Handler                         0x000003bb   Thumb Code     2  startup_tm4c123.o(.text)
    FPU_Handler                              0x000003bd   Thumb Code     2  startup_tm4c123.o(.text)
    I2C4_Handler                             0x000003bf   Thumb Code     2  startup_tm4c123.o(.text)
    I2C5_Handler                             0x000003c1   Thumb Code     2  startup_tm4c123.o(.text)
    GPIOM_Handler                            0x000003c3   Thumb Code     2  startup_tm4c123.o(.text)
    GPION_Handler                            0x000003c5   Thumb Code     2  startup_tm4c123.o(.text)
    QEI2_Handler                             0x000003c7   Thumb Code     2  startup_tm4c123.o(.text)
    GPIOP0_Handler                           0x000003c9   Thumb Code     2  startup_tm4c123.o(.text)
    GPIOP1_Handler                           0x000003cb   Thumb Code     2  startup_tm4c123.o(.text)
    GPIOP2_Handler                           0x000003cd   Thumb Code     2  startup_tm4c123.o(.text)
    GPIOP3_Handler                           0x000003cf   Thumb Code     2  startup_tm4c123.o(.text)
    GPIOP4_Handler                           0x000003d1   Thumb Code     2  startup_tm4c123.o(.text)
    GPIOP5_Handler                           0x000003d3   Thumb Code     2  startup_tm4c123.o(.text)
    GPIOP6_Handler                           0x000003d5   Thumb Code     2  startup_tm4c123.o(.text)
    GPIOP7_Handler                           0x000003d7   Thumb Code     2  startup_tm4c123.o(.text)
    GPIOQ0_Handler                           0x000003d9   Thumb Code     2  startup_tm4c123.o(.text)
    GPIOQ1_Handler                           0x000003db   Thumb Code     2  startup_tm4c123.o(.text)
    GPIOQ2_Handler                           0x000003dd   Thumb Code     2  startup_tm4c123.o(.text)
    GPIOQ3_Handler                           0x000003df   Thumb Code     2  startup_tm4c123.o(.text)
    GPIOQ4_Handler                           0x000003e1   Thumb Code     2  startup_tm4c123.o(.text)
    GPIOQ5_Handler                           0x000003e3   Thumb Code     2  startup_tm4c123.o(.text)
    GPIOQ6_Handler                           0x000003e5   Thumb Code     2  startup_tm4c123.o(.text)
    GPIOQ7_Handler                           0x000003e7   Thumb Code     2  startup_tm4c123.o(.text)
    GPIOR_Handler                            0x000003e9   Thumb Code     2  startup_tm4c123.o(.text)
    GPIOS_Handler                            0x000003eb   Thumb Code     2  startup_tm4c123.o(.text)
    PMW1_0_Handler                           0x000003ed   Thumb Code     2  startup_tm4c123.o(.text)
    PWM1_1_Handler                           0x000003ef   Thumb Code     2  startup_tm4c123.o(.text)
    PWM1_2_Handler                           0x000003f1   Thumb Code     2  startup_tm4c123.o(.text)
    PWM1_3_Handler                           0x000003f3   Thumb Code     2  startup_tm4c123.o(.text)
    PWM1_FAULT_Handler                       0x000003f5   Thumb Code     2  startup_tm4c123.o(.text)
    App_Spurious_ISR                         0x000003f7   Thumb Code     2  startup_tm4c123.o(.text)
    __user_initial_stackheap                 0x000003f9   Thumb Code     0  startup_tm4c123.o(.text)
    CPU_IntDis                               0x00000415   Thumb Code     0  cpu_a.o(.text)
    CPU_IntEn                                0x00000419   Thumb Code     0  cpu_a.o(.text)
    CPU_SR_Save                              0x0000041d   Thumb Code     0  cpu_a.o(.text)
    CPU_SR_Restore                           0x00000425   Thumb Code     0  cpu_a.o(.text)
    CPU_WaitForInt                           0x0000042b   Thumb Code     0  cpu_a.o(.text)
    CPU_WaitForExcept                        0x0000042f   Thumb Code     0  cpu_a.o(.text)
    CPU_CntLeadZeros                         0x00000433   Thumb Code     0  cpu_a.o(.text)
    CPU_CntTrailZeros                        0x00000439   Thumb Code     0  cpu_a.o(.text)
    CPU_RevBits                              0x00000443   Thumb Code     0  cpu_a.o(.text)
    OS_CPU_SR_Save                           0x00000449   Thumb Code     0  os_cpu_a.o(.text)
    OS_CPU_SR_Restore                        0x00000451   Thumb Code     0  os_cpu_a.o(.text)
    OSStartHighRdy                           0x00000457   Thumb Code     0  os_cpu_a.o(.text)
    OSCtxSw                                  0x0000047f   Thumb Code     0  os_cpu_a.o(.text)
    OSIntCtxSw                               0x00000489   Thumb Code     0  os_cpu_a.o(.text)
    OS_CPU_PendSVHandler                     0x00000493   Thumb Code     0  os_cpu_a.o(.text)
    __use_two_region_memory                  0x000004f9   Thumb Code     2  heapauxi.o(.text)
    __rt_heap_escrow$2region                 0x000004fb   Thumb Code     2  heapauxi.o(.text)
    __rt_heap_expand$2region                 0x000004fd   Thumb Code     2  heapauxi.o(.text)
    __user_setup_stackheap                   0x000004ff   Thumb Code    74  sys_stackheap_outer.o(.text)
    exit                                     0x00000549   Thumb Code    12  exit.o(.text)
    __user_libspace                          0x00000555   Thumb Code     8  libspace.o(.text)
    __user_perproc_libspace                  0x00000555   Thumb Code     0  libspace.o(.text)
    __user_perthread_libspace                0x00000555   Thumb Code     0  libspace.o(.text)
    _sys_exit                                0x0000055d   Thumb Code     8  sys_exit.o(.text)
    __I$use$semihosting                      0x00000569   Thumb Code     0  use_no_semi.o(.text)
    __use_no_semihosting_swi                 0x00000569   Thumb Code     2  use_no_semi.o(.text)
    __semihosting_library_function           0x0000056b   Thumb Code     0  indicate_semi.o(.text)
    App_TCBInitHook                          0x000007e1   Thumb Code     2  app_hooks.o(i.App_TCBInitHook)
    App_TaskCreateHook                       0x000007e3   Thumb Code     2  app_hooks.o(i.App_TaskCreateHook)
    App_TaskDelHook                          0x000007e5   Thumb Code     2  app_hooks.o(i.App_TaskDelHook)
    App_TaskIdleHook                         0x000007e7   Thumb Code     2  app_hooks.o(i.App_TaskIdleHook)
    App_TaskReturnHook                       0x000007e9   Thumb Code     2  app_hooks.o(i.App_TaskReturnHook)
    App_TaskStatHook                         0x000007eb   Thumb Code     2  app_hooks.o(i.App_TaskStatHook)
    App_TaskSwHook                           0x000007ed   Thumb Code     2  app_hooks.o(i.App_TaskSwHook)
    App_TimeTickHook                         0x000007ef   Thumb Code     2  app_hooks.o(i.App_TimeTickHook)
    BSP_GPIOB_IntHandler                     0x000007f1   Thumb Code    66  bsp_int.o(i.BSP_GPIOB_IntHandler)
    BSP_GPIOF_IntHandler                     0x00000833   Thumb Code    48  bsp_int.o(i.BSP_GPIOF_IntHandler)
    BSP_Init                                 0x00000865   Thumb Code    58  bsp.o(i.BSP_Init)
    BSP_IntHandlerGPIOB                      0x000008b5   Thumb Code     8  bsp_int.o(i.BSP_IntHandlerGPIOB)
    BSP_IntHandlerGPIOF                      0x000008bd   Thumb Code     8  bsp_int.o(i.BSP_IntHandlerGPIOF)
    BSP_IntInit                              0x000008c5   Thumb Code    68  bsp_int.o(i.BSP_IntInit)
    BSP_IntVectSet                           0x0000091d   Thumb Code    48  bsp_int.o(i.BSP_IntVectSet)
    BSP_LED_7_COLORS_CLR                     0x00000951   Thumb Code   134  bsp_led.o(i.BSP_LED_7_COLORS_CLR)
    BSP_LED_7_COLORS_SET                     0x000009e1   Thumb Code   134  bsp_led.o(i.BSP_LED_7_COLORS_SET)
    BSP_LED_Init                             0x00000a71   Thumb Code    36  bsp_led.o(i.BSP_LED_Init)
    BSP_LED_UART_print                       0x00000aa5   Thumb Code   152  bsp_led.o(i.BSP_LED_UART_print)
    BSP_PIR_Init                             0x00000b7d   Thumb Code    58  bsp_pir_sensor.o(i.BSP_PIR_Init)
    BSP_SWITCH_Init                          0x00000bc1   Thumb Code    42  bsp_sw.o(i.BSP_SWITCH_Init)
    BSP_SWITCH_READ                          0x00000bf5   Thumb Code    22  bsp_sw.o(i.BSP_SWITCH_READ)
    BSP_SysClkFreqGet                        0x00000c15   Thumb Code   150  bsp_sys.o(i.BSP_SysClkFreqGet)
    BSP_SysInit                              0x00000cb5   Thumb Code   146  bsp_sys.o(i.BSP_SysInit)
    BSP_UART_Init                            0x00000d55   Thumb Code   148  bsp_uart.o(i.BSP_UART_Init)
    BSP_UART_Send                            0x00000e09   Thumb Code    46  bsp_uart.o(i.BSP_UART_Send)
    BSP_UART_Send_string                     0x00000e45   Thumb Code    26  bsp_uart.o(i.BSP_UART_Send_string)
    BSP_pir_out                              0x00000e61   Thumb Code    10  bsp_pir_sensor.o(i.BSP_pir_out)
    CPU_Init                                 0x00000e71   Thumb Code    12  cpu_core.o(i.CPU_Init)
    CPU_NameClr                              0x00000e7d   Thumb Code    42  cpu_core.o(i.CPU_NameClr)
    CPU_TS_TmrFreqSet                        0x00000ec9   Thumb Code     6  cpu_core.o(i.CPU_TS_TmrFreqSet)
    CPU_TS_TmrInit                           0x00000ed5   Thumb Code    44  cpu_bsp.o(i.CPU_TS_TmrInit)
    Mem_Clr                                  0x00000f09   Thumb Code    18  lib_mem.o(i.Mem_Clr)
    Mem_Init                                 0x00000f1d   Thumb Code    54  lib_mem.o(i.Mem_Init)
    Mem_Set                                  0x00000f65   Thumb Code    98  lib_mem.o(i.Mem_Set)
    OSDebugInit                              0x00000fc9   Thumb Code   118  os_dbg.o(i.OSDebugInit)
    OSEventNameSet                           0x00001125   Thumb Code    84  os_core.o(i.OSEventNameSet)
    OSInit                                   0x0000117d   Thumb Code    56  os_core.o(i.OSInit)
    OSInitHookBegin                          0x000011b5   Thumb Code    40  os_cpu_c.o(i.OSInitHookBegin)
    OSInitHookEnd                            0x000011ed   Thumb Code     2  os_cpu_c.o(i.OSInitHookEnd)
    OSIntEnter                               0x000011f1   Thumb Code    28  os_core.o(i.OSIntEnter)
    OSIntExit                                0x00001215   Thumb Code   112  os_core.o(i.OSIntExit)
    OSMboxCreate                             0x000012a5   Thumb Code    72  os_mbox.o(i.OSMboxCreate)
    OSMboxPend                               0x000012f9   Thumb Code   252  os_mbox.o(i.OSMboxPend)
    OSMboxPost                               0x00001401   Thumb Code    80  os_mbox.o(i.OSMboxPost)
    OSSchedLock                              0x00001451   Thumb Code    50  os_core.o(i.OSSchedLock)
    OSSchedUnlock                            0x00001491   Thumb Code    82  os_core.o(i.OSSchedUnlock)
    OSSemCreate                              0x000014f1   Thumb Code    72  os_sem.o(i.OSSemCreate)
    OSSemPend                                0x00001545   Thumb Code   228  os_sem.o(i.OSSemPend)
    OSSemPost                                0x00001635   Thumb Code    88  os_sem.o(i.OSSemPost)
    OSStart                                  0x0000168d   Thumb Code    48  os_core.o(i.OSStart)
    OSTCBInitHook                            0x000016d5   Thumb Code    12  os_cpu_c.o(i.OSTCBInitHook)
    OSTaskCreate                             0x000016e1   Thumb Code   148  os_task.o(i.OSTaskCreate)
    OSTaskCreateExt                          0x00001781   Thumb Code   170  os_task.o(i.OSTaskCreateExt)
    OSTaskCreateHook                         0x00001839   Thumb Code    12  os_cpu_c.o(i.OSTaskCreateHook)
    OSTaskDel                                0x00001845   Thumb Code   306  os_task.o(i.OSTaskDel)
    OSTaskDelHook                            0x000019a5   Thumb Code    12  os_cpu_c.o(i.OSTaskDelHook)
    OSTaskIdleHook                           0x000019b1   Thumb Code     8  os_cpu_c.o(i.OSTaskIdleHook)
    OSTaskNameSet                            0x000019b9   Thumb Code    98  os_task.o(i.OSTaskNameSet)
    OSTaskReturnHook                         0x00001a29   Thumb Code    12  os_cpu_c.o(i.OSTaskReturnHook)
    OSTaskStatHook                           0x00001a35   Thumb Code     8  os_cpu_c.o(i.OSTaskStatHook)
    OSTaskStkChk                             0x00001a3d   Thumb Code   128  os_task.o(i.OSTaskStkChk)
    OSTaskStkInit                            0x00001ac5   Thumb Code   160  os_cpu_c.o(i.OSTaskStkInit)
    OSTaskSuspend                            0x00001b69   Thumb Code   152  os_task.o(i.OSTaskSuspend)
    OSTaskSwHook                             0x00001c11   Thumb Code     8  os_cpu_c.o(i.OSTaskSwHook)
    OSTimeDly                                0x00001c19   Thumb Code   100  os_time.o(i.OSTimeDly)
    OSTimeTick                               0x00001c91   Thumb Code   218  os_core.o(i.OSTimeTick)
    OSTimeTickHook                           0x00001d85   Thumb Code    34  os_cpu_c.o(i.OSTimeTickHook)
    OSTmrSignal                              0x00001dad   Thumb Code    16  os_tmr.o(i.OSTmrSignal)
    OSTmr_Init                               0x00001dc1   Thumb Code   168  os_tmr.o(i.OSTmr_Init)
    OS_CPU_SysTickHandler                    0x00002035   Thumb Code    34  os_cpu_c.o(i.OS_CPU_SysTickHandler)
    OS_CPU_SysTickInit                       0x0000205d   Thumb Code    44  os_cpu_c.o(i.OS_CPU_SysTickInit)
    OS_Dummy                                 0x0000208d   Thumb Code     2  os_core.o(i.OS_Dummy)
    OS_EventTaskRdy                          0x00002091   Thumb Code   132  os_core.o(i.OS_EventTaskRdy)
    OS_EventTaskRemove                       0x00002125   Thumb Code    46  os_core.o(i.OS_EventTaskRemove)
    OS_EventTaskRemoveMulti                  0x00002153   Thumb Code    60  os_core.o(i.OS_EventTaskRemoveMulti)
    OS_EventTaskWait                         0x00002191   Thumb Code   112  os_core.o(i.OS_EventTaskWait)
    OS_EventWaitListInit                     0x0000220d   Thumb Code    28  os_core.o(i.OS_EventWaitListInit)
    OS_FlagInit                              0x00002229   Thumb Code    74  os_flag.o(i.OS_FlagInit)
    OS_FlagUnlink                            0x00002281   Thumb Code    36  os_flag.o(i.OS_FlagUnlink)
    OS_MemClr                                0x000024c5   Thumb Code    18  os_core.o(i.OS_MemClr)
    OS_MemInit                               0x000024d9   Thumb Code    74  os_mem.o(i.OS_MemInit)
    OS_QInit                                 0x00002531   Thumb Code    72  os_q.o(i.OS_QInit)
    OS_Sched                                 0x00002581   Thumb Code    88  os_core.o(i.OS_Sched)
    OS_TCBInit                               0x00002621   Thumb Code   308  os_core.o(i.OS_TCBInit)
    OS_TaskIdle                              0x00002771   Thumb Code    34  os_core.o(i.OS_TaskIdle)
    OS_TaskReturn                            0x00002799   Thumb Code    18  os_task.o(i.OS_TaskReturn)
    OS_TaskStat                              0x000027b1   Thumb Code   140  os_core.o(i.OS_TaskStat)
    OS_TaskStatStkChk                        0x00002851   Thumb Code    54  os_core.o(i.OS_TaskStatStkChk)
    OS_TaskStkClr                            0x0000288d   Thumb Code    26  os_task.o(i.OS_TaskStkClr)
    Str_Len                                  0x000028a7   Thumb Code    20  lib_str.o(i.Str_Len)
    Str_Len_N                                0x000028bb   Thumb Code    28  lib_str.o(i.Str_Len_N)
    main                                     0x000028d9   Thumb Code    28  app.o(i.main)
    OSUnMapTbl                               0x00002940   Data         256  os_core.o(.constdata)
    OSDebugEn                                0x00002a40   Data           2  os_dbg.o(.constdata)
    OSEndiannessTest                         0x00002a44   Data           4  os_dbg.o(.constdata)
    OSEventEn                                0x00002a48   Data           2  os_dbg.o(.constdata)
    OSEventMax                               0x00002a4a   Data           2  os_dbg.o(.constdata)
    OSEventNameEn                            0x00002a4c   Data           2  os_dbg.o(.constdata)
    OSEventSize                              0x00002a4e   Data           2  os_dbg.o(.constdata)
    OSEventTblSize                           0x00002a50   Data           2  os_dbg.o(.constdata)
    OSEventMultiEn                           0x00002a52   Data           2  os_dbg.o(.constdata)
    OSFlagEn                                 0x00002a54   Data           2  os_dbg.o(.constdata)
    OSFlagGrpSize                            0x00002a56   Data           2  os_dbg.o(.constdata)
    OSFlagNodeSize                           0x00002a58   Data           2  os_dbg.o(.constdata)
    OSFlagWidth                              0x00002a5a   Data           2  os_dbg.o(.constdata)
    OSFlagMax                                0x00002a5c   Data           2  os_dbg.o(.constdata)
    OSFlagNameEn                             0x00002a5e   Data           2  os_dbg.o(.constdata)
    OSLowestPrio                             0x00002a60   Data           2  os_dbg.o(.constdata)
    OSMboxEn                                 0x00002a62   Data           2  os_dbg.o(.constdata)
    OSMemEn                                  0x00002a64   Data           2  os_dbg.o(.constdata)
    OSMemMax                                 0x00002a66   Data           2  os_dbg.o(.constdata)
    OSMemNameEn                              0x00002a68   Data           2  os_dbg.o(.constdata)
    OSMemSize                                0x00002a6a   Data           2  os_dbg.o(.constdata)
    OSMemTblSize                             0x00002a6c   Data           2  os_dbg.o(.constdata)
    OSMutexEn                                0x00002a6e   Data           2  os_dbg.o(.constdata)
    OSPtrSize                                0x00002a70   Data           2  os_dbg.o(.constdata)
    OSQEn                                    0x00002a72   Data           2  os_dbg.o(.constdata)
    OSQMax                                   0x00002a74   Data           2  os_dbg.o(.constdata)
    OSQSize                                  0x00002a76   Data           2  os_dbg.o(.constdata)
    OSRdyTblSize                             0x00002a78   Data           2  os_dbg.o(.constdata)
    OSSemEn                                  0x00002a7a   Data           2  os_dbg.o(.constdata)
    OSStkWidth                               0x00002a7c   Data           2  os_dbg.o(.constdata)
    OSTaskCreateEn                           0x00002a7e   Data           2  os_dbg.o(.constdata)
    OSTaskCreateExtEn                        0x00002a80   Data           2  os_dbg.o(.constdata)
    OSTaskDelEn                              0x00002a82   Data           2  os_dbg.o(.constdata)
    OSTaskIdleStkSize                        0x00002a84   Data           2  os_dbg.o(.constdata)
    OSTaskProfileEn                          0x00002a86   Data           2  os_dbg.o(.constdata)
    OSTaskMax                                0x00002a88   Data           2  os_dbg.o(.constdata)
    OSTaskNameEn                             0x00002a8a   Data           2  os_dbg.o(.constdata)
    OSTaskStatEn                             0x00002a8c   Data           2  os_dbg.o(.constdata)
    OSTaskStatStkSize                        0x00002a8e   Data           2  os_dbg.o(.constdata)
    OSTaskStatStkChkEn                       0x00002a90   Data           2  os_dbg.o(.constdata)
    OSTaskSwHookEn                           0x00002a92   Data           2  os_dbg.o(.constdata)
    OSTaskRegTblSize                         0x00002a94   Data           2  os_dbg.o(.constdata)
    OSTCBPrioTblMax                          0x00002a96   Data           2  os_dbg.o(.constdata)
    OSTCBSize                                0x00002a98   Data           2  os_dbg.o(.constdata)
    OSTicksPerSec                            0x00002a9a   Data           2  os_dbg.o(.constdata)
    OSTimeTickHookEn                         0x00002a9c   Data           2  os_dbg.o(.constdata)
    OSVersionNbr                             0x00002a9e   Data           2  os_dbg.o(.constdata)
    OSTmrEn                                  0x00002aa0   Data           2  os_dbg.o(.constdata)
    OSTmrCfgMax                              0x00002aa2   Data           2  os_dbg.o(.constdata)
    OSTmrCfgNameEn                           0x00002aa4   Data           2  os_dbg.o(.constdata)
    OSTmrCfgWheelSize                        0x00002aa6   Data           2  os_dbg.o(.constdata)
    OSTmrCfgTicksPerSec                      0x00002aa8   Data           2  os_dbg.o(.constdata)
    OSTmrSize                                0x00002aaa   Data           2  os_dbg.o(.constdata)
    OSTmrTblSize                             0x00002aac   Data           2  os_dbg.o(.constdata)
    OSTmrWheelSize                           0x00002aae   Data           2  os_dbg.o(.constdata)
    OSTmrWheelTblSize                        0x00002ab0   Data           2  os_dbg.o(.constdata)
    OSDataSize                               0x00002ab2   Data           2  os_dbg.o(.constdata)
    Region$$Table$$Base                      0x00002ab4   Number         0  anon$$obj.o(Region$$Table)
    Region$$Table$$Limit                     0x00002ad4   Number         0  anon$$obj.o(Region$$Table)
    sharedDataSem                            0x20000000   Data           4  bsp.o(.data)
    errorSem                                 0x20000004   Data           4  bsp.o(.data)
    MailBox1                                 0x20000008   Data           4  bsp.o(.data)
    errorMailbox1                            0x2000000c   Data           4  bsp.o(.data)
    global_pir_val                           0x20000010   Data           1  bsp.o(.data)
    sharedDataSemUart                        0x20000014   Data           4  bsp.o(.data)
    errorSemUart                             0x20000018   Data           4  bsp.o(.data)
    sw12                                     0x2000001c   Data           1  bsp_sw.o(.data)
    Mem_PoolTbl                              0x20000020   Data           4  lib_mem.o(.data)
    CPU_TS_TmrFreq_Hz                        0x20000024   Data           4  cpu_core.o(.data)
    OSCtxSwCtr                               0x20000028   Data           4  os_core.o(.data)
    OSEventFreeList                          0x2000002c   Data           4  os_core.o(.data)
    OSFlagFreeList                           0x20000030   Data           4  os_core.o(.data)
    OSCPUUsage                               0x20000034   Data           1  os_core.o(.data)
    OSIdleCtrMax                             0x20000038   Data           4  os_core.o(.data)
    OSIdleCtrRun                             0x2000003c   Data           4  os_core.o(.data)
    OSStatRdy                                0x20000040   Data           1  os_core.o(.data)
    OSIntNesting                             0x20000041   Data           1  os_core.o(.data)
    OSLockNesting                            0x20000042   Data           1  os_core.o(.data)
    OSPrioCur                                0x20000043   Data           1  os_core.o(.data)
    OSPrioHighRdy                            0x20000044   Data           1  os_core.o(.data)
    OSRdyGrp                                 0x20000045   Data           1  os_core.o(.data)
    OSRdyTbl                                 0x20000046   Data           8  os_core.o(.data)
    OSRunning                                0x2000004e   Data           1  os_core.o(.data)
    OSTaskCtr                                0x2000004f   Data           1  os_core.o(.data)
    OSIdleCtr                                0x20000050   Data           4  os_core.o(.data)
    OSTCBCur                                 0x20000054   Data           4  os_core.o(.data)
    OSTCBFreeList                            0x20000058   Data           4  os_core.o(.data)
    OSTCBHighRdy                             0x2000005c   Data           4  os_core.o(.data)
    OSTCBList                                0x20000060   Data           4  os_core.o(.data)
    OSTickStepState                          0x20000064   Data           1  os_core.o(.data)
    OSMemFreeList                            0x20000068   Data           4  os_core.o(.data)
    OSQFreeList                              0x2000006c   Data           4  os_core.o(.data)
    OSTaskRegNextAvailID                     0x20000070   Data           1  os_core.o(.data)
    OSTime                                   0x20000074   Data           4  os_core.o(.data)
    OSTmrFree                                0x20000078   Data           2  os_core.o(.data)
    OSTmrUsed                                0x2000007a   Data           2  os_core.o(.data)
    OSTmrTime                                0x2000007c   Data           4  os_core.o(.data)
    OSTmrSem                                 0x20000080   Data           4  os_core.o(.data)
    OSTmrSemSignal                           0x20000084   Data           4  os_core.o(.data)
    OSTmrFreeList                            0x20000088   Data           4  os_core.o(.data)
    OS_CPU_ExceptStkBase                     0x2000008c   Data           4  os_cpu_c.o(.data)
    Mem_PoolHeap                             0x200016c0   Data          72  lib_mem.o(.bss)
    Mem_Heap                                 0x20001708   Data        1024  lib_mem.o(.bss)
    CPU_Name                                 0x20001b08   Data          16  cpu_core.o(.bss)
    OSEventTbl                               0x20001b18   Data         240  os_core.o(.bss)
    OSFlagTbl                                0x20001c08   Data          80  os_core.o(.bss)
    OSTaskStatStk                            0x20001c58   Data         512  os_core.o(.bss)
    OSTaskIdleStk                            0x20001e58   Data         512  os_core.o(.bss)
    OSTCBPrioTbl                             0x20002058   Data         256  os_core.o(.bss)
    OSTCBTbl                                 0x20002158   Data        1936  os_core.o(.bss)
    OSMemTbl                                 0x200028e8   Data         120  os_core.o(.bss)
    OSQTbl                                   0x20002960   Data          96  os_core.o(.bss)
    OSTmrTbl                                 0x200029c0   Data         640  os_core.o(.bss)
    OSTmrTaskStk                             0x20002c40   Data         512  os_core.o(.bss)
    OSTmrWheelTbl                            0x20002e40   Data          64  os_core.o(.bss)
    OS_CPU_ExceptStk                         0x20002e80   Data         512  os_cpu_c.o(.bss)
    __libspace_start                         0x20003080   Data          96  libspace.o(.bss)
    __temporary_stack_top$libspace           0x200030e0   Data           0  libspace.o(.bss)



==============================================================================

Memory Map of the image

  Image Entry point : 0x00000309

  Load Region LR_1 (Base: 0x00000000, Size: 0x00002b68, Max: 0xffffffff, ABSOLUTE)

    Execution Region ER_RO (Base: 0x00000000, Size: 0x00002ad4, Max: 0xffffffff, ABSOLUTE)

    Base Addr    Size         Type   Attr      Idx    E Section Name        Object

    0x00000000   0x0000026c   Data   RO          699    RESET               startup_tm4c123.o
    0x0000026c   0x00000008   Code   RO         2278  * !!!main             c_w.l(__main.o)
    0x00000274   0x00000034   Code   RO         2442    !!!scatter          c_w.l(__scatter.o)
    0x000002a8   0x0000001a   Code   RO         2444    !!handler_copy      c_w.l(__scatter_copy.o)
    0x000002c2   0x00000002   PAD
    0x000002c4   0x0000001c   Code   RO         2446    !!handler_zi        c_w.l(__scatter_zi.o)
    0x000002e0   0x00000002   Code   RO         2315    .ARM.Collect$$libinit$$00000000  c_w.l(libinit.o)
    0x000002e2   0x00000000   Code   RO         2328    .ARM.Collect$$libinit$$00000002  c_w.l(libinit2.o)
    0x000002e2   0x00000000   Code   RO         2331    .ARM.Collect$$libinit$$00000008  c_w.l(libinit2.o)
    0x000002e2   0x00000000   Code   RO         2333    .ARM.Collect$$libinit$$0000000A  c_w.l(libinit2.o)
    0x000002e2   0x00000000   Code   RO         2335    .ARM.Collect$$libinit$$0000000C  c_w.l(libinit2.o)
    0x000002e2   0x00000000   Code   RO         2338    .ARM.Collect$$libinit$$0000000F  c_w.l(libinit2.o)
    0x000002e2   0x00000000   Code   RO         2340    .ARM.Collect$$libinit$$00000011  c_w.l(libinit2.o)
    0x000002e2   0x00000000   Code   RO         2342    .ARM.Collect$$libinit$$00000013  c_w.l(libinit2.o)
    0x000002e2   0x00000000   Code   RO         2344    .ARM.Collect$$libinit$$00000015  c_w.l(libinit2.o)
    0x000002e2   0x00000000   Code   RO         2346    .ARM.Collect$$libinit$$00000017  c_w.l(libinit2.o)
    0x000002e2   0x00000000   Code   RO         2348    .ARM.Collect$$libinit$$00000019  c_w.l(libinit2.o)
    0x000002e2   0x00000000   Code   RO         2350    .ARM.Collect$$libinit$$0000001B  c_w.l(libinit2.o)
    0x000002e2   0x00000000   Code   RO         2352    .ARM.Collect$$libinit$$0000001D  c_w.l(libinit2.o)
    0x000002e2   0x00000000   Code   RO         2354    .ARM.Collect$$libinit$$0000001F  c_w.l(libinit2.o)
    0x000002e2   0x00000000   Code   RO         2356    .ARM.Collect$$libinit$$00000021  c_w.l(libinit2.o)
    0x000002e2   0x00000000   Code   RO         2358    .ARM.Collect$$libinit$$00000023  c_w.l(libinit2.o)
    0x000002e2   0x00000000   Code   RO         2362    .ARM.Collect$$libinit$$0000002A  c_w.l(libinit2.o)
    0x000002e2   0x00000000   Code   RO         2364    .ARM.Collect$$libinit$$0000002C  c_w.l(libinit2.o)
    0x000002e2   0x00000000   Code   RO         2366    .ARM.Collect$$libinit$$0000002E  c_w.l(libinit2.o)
    0x000002e2   0x00000000   Code   RO         2368    .ARM.Collect$$libinit$$00000030  c_w.l(libinit2.o)
    0x000002e2   0x00000002   Code   RO         2369    .ARM.Collect$$libinit$$00000031  c_w.l(libinit2.o)
    0x000002e4   0x00000002   Code   RO         2400    .ARM.Collect$$libshutdown$$00000000  c_w.l(libshutdown.o)
    0x000002e6   0x00000000   Code   RO         2427    .ARM.Collect$$libshutdown$$00000003  c_w.l(libshutdown2.o)
    0x000002e6   0x00000000   Code   RO         2430    .ARM.Collect$$libshutdown$$00000006  c_w.l(libshutdown2.o)
    0x000002e6   0x00000000   Code   RO         2433    .ARM.Collect$$libshutdown$$00000009  c_w.l(libshutdown2.o)
    0x000002e6   0x00000000   Code   RO         2435    .ARM.Collect$$libshutdown$$0000000B  c_w.l(libshutdown2.o)
    0x000002e6   0x00000000   Code   RO         2438    .ARM.Collect$$libshutdown$$0000000E  c_w.l(libshutdown2.o)
    0x000002e6   0x00000002   Code   RO         2439    .ARM.Collect$$libshutdown$$0000000F  c_w.l(libshutdown2.o)
    0x000002e8   0x00000000   Code   RO         2280    .ARM.Collect$$rtentry$$00000000  c_w.l(rtentry.o)
    0x000002e8   0x00000000   Code   RO         2286    .ARM.Collect$$rtentry$$00000002  c_w.l(rtentry2.o)
    0x000002e8   0x00000006   Code   RO         2298    .ARM.Collect$$rtentry$$00000004  c_w.l(rtentry4.o)
    0x000002ee   0x00000000   Code   RO         2288    .ARM.Collect$$rtentry$$00000009  c_w.l(rtentry2.o)
    0x000002ee   0x00000004   Code   RO         2289    .ARM.Collect$$rtentry$$0000000A  c_w.l(rtentry2.o)
    0x000002f2   0x00000000   Code   RO         2291    .ARM.Collect$$rtentry$$0000000C  c_w.l(rtentry2.o)
    0x000002f2   0x00000008   Code   RO         2292    .ARM.Collect$$rtentry$$0000000D  c_w.l(rtentry2.o)
    0x000002fa   0x00000002   Code   RO         2319    .ARM.Collect$$rtexit$$00000000  c_w.l(rtexit.o)
    0x000002fc   0x00000000   Code   RO         2373    .ARM.Collect$$rtexit$$00000002  c_w.l(rtexit2.o)
    0x000002fc   0x00000004   Code   RO         2374    .ARM.Collect$$rtexit$$00000003  c_w.l(rtexit2.o)
    0x00000300   0x00000006   Code   RO         2375    .ARM.Collect$$rtexit$$00000004  c_w.l(rtexit2.o)
    0x00000306   0x00000002   PAD
    0x00000308   0x0000010c   Code   RO          700  * .text               startup_tm4c123.o
    0x00000414   0x00000034   Code   RO         1186    .text               cpu_a.o
    0x00000448   0x000000b0   Code   RO         2159    .text               os_cpu_a.o
    0x000004f8   0x00000006   Code   RO         2276    .text               c_w.l(heapauxi.o)
    0x000004fe   0x0000004a   Code   RO         2302    .text               c_w.l(sys_stackheap_outer.o)
    0x00000548   0x0000000c   Code   RO         2304    .text               c_w.l(exit.o)
    0x00000554   0x00000008   Code   RO         2316    .text               c_w.l(libspace.o)
    0x0000055c   0x0000000c   Code   RO         2370    .text               c_w.l(sys_exit.o)
    0x00000568   0x00000002   Code   RO         2389    .text               c_w.l(use_no_semi.o)
    0x0000056a   0x00000000   Code   RO         2391    .text               c_w.l(indicate_semi.o)
    0x0000056a   0x00000002   PAD
    0x0000056c   0x00000048   Code   RO            1    i.AppTaskLed        app.o
    0x000005b4   0x000000e8   Code   RO            2    i.AppTaskLed2       app.o
    0x0000069c   0x00000048   Code   RO            3    i.AppTaskPir        app.o
    0x000006e4   0x0000007c   Code   RO            4    i.AppTaskStart      app.o
    0x00000760   0x00000080   Code   RO            5    i.AppTaskSwitch     app.o
    0x000007e0   0x00000002   Code   RO          108    i.App_TCBInitHook   app_hooks.o
    0x000007e2   0x00000002   Code   RO          109    i.App_TaskCreateHook  app_hooks.o
    0x000007e4   0x00000002   Code   RO          110    i.App_TaskDelHook   app_hooks.o
    0x000007e6   0x00000002   Code   RO          111    i.App_TaskIdleHook  app_hooks.o
    0x000007e8   0x00000002   Code   RO          112    i.App_TaskReturnHook  app_hooks.o
    0x000007ea   0x00000002   Code   RO          113    i.App_TaskStatHook  app_hooks.o
    0x000007ec   0x00000002   Code   RO          114    i.App_TaskSwHook    app_hooks.o
    0x000007ee   0x00000002   Code   RO          115    i.App_TimeTickHook  app_hooks.o
    0x000007f0   0x00000042   Code   RO          186    i.BSP_GPIOB_IntHandler  bsp_int.o
    0x00000832   0x00000030   Code   RO          187    i.BSP_GPIOF_IntHandler  bsp_int.o
    0x00000862   0x00000002   PAD
    0x00000864   0x0000004c   Code   RO          165    i.BSP_Init          bsp.o
    0x000008b0   0x00000004   Code   RO          206    i.BSP_IntHandlerDummy  bsp_int.o
    0x000008b4   0x00000008   Code   RO          209    i.BSP_IntHandlerGPIOB  bsp_int.o
    0x000008bc   0x00000008   Code   RO          213    i.BSP_IntHandlerGPIOF  bsp_int.o
    0x000008c4   0x00000058   Code   RO          254    i.BSP_IntInit       bsp_int.o
    0x0000091c   0x00000034   Code   RO          255    i.BSP_IntVectSet    bsp_int.o
    0x00000950   0x00000090   Code   RO          616    i.BSP_LED_7_COLORS_CLR  bsp_led.o
    0x000009e0   0x00000090   Code   RO          617    i.BSP_LED_7_COLORS_SET  bsp_led.o
    0x00000a70   0x00000034   Code   RO          618    i.BSP_LED_Init      bsp_led.o
    0x00000aa4   0x000000d8   Code   RO          619    i.BSP_LED_UART_print  bsp_led.o
    0x00000b7c   0x00000044   Code   RO          753    i.BSP_PIR_Init      bsp_pir_sensor.o
    0x00000bc0   0x00000034   Code   RO          705    i.BSP_SWITCH_Init   bsp_sw.o
    0x00000bf4   0x00000020   Code   RO          706    i.BSP_SWITCH_READ   bsp_sw.o
    0x00000c14   0x000000a0   Code   RO          652    i.BSP_SysClkFreqGet  bsp_sys.o
    0x00000cb4   0x000000a0   Code   RO          653    i.BSP_SysInit       bsp_sys.o
    0x00000d54   0x000000b4   Code   RO          729    i.BSP_UART_Init     bsp_uart.o
    0x00000e08   0x0000003c   Code   RO          730    i.BSP_UART_Send     bsp_uart.o
    0x00000e44   0x0000001a   Code   RO          731    i.BSP_UART_Send_string  bsp_uart.o
    0x00000e5e   0x00000002   PAD
    0x00000e60   0x00000010   Code   RO          754    i.BSP_pir_out       bsp_pir_sensor.o
    0x00000e70   0x0000000c   Code   RO         1245    i.CPU_Init          cpu_core.o
    0x00000e7c   0x00000030   Code   RO         1246    i.CPU_NameClr       cpu_core.o
    0x00000eac   0x00000008   Code   RO         1248    i.CPU_NameInit      cpu_core.o
    0x00000eb4   0x00000014   Code   RO         1252    i.CPU_TS_Init       cpu_core.o
    0x00000ec8   0x0000000c   Code   RO         1254    i.CPU_TS_TmrFreqSet  cpu_core.o
    0x00000ed4   0x00000034   Code   RO          674    i.CPU_TS_TmrInit    cpu_bsp.o
    0x00000f08   0x00000012   Code   RO          912    i.Mem_Clr           lib_mem.o
    0x00000f1a   0x00000002   PAD
    0x00000f1c   0x00000048   Code   RO          916    i.Mem_Init          lib_mem.o
    0x00000f64   0x00000062   Code   RO          929    i.Mem_Set           lib_mem.o
    0x00000fc6   0x00000002   PAD
    0x00000fc8   0x0000015c   Code   RO         2257    i.OSDebugInit       os_dbg.o
    0x00001124   0x00000058   Code   RO         1364    i.OSEventNameSet    os_core.o
    0x0000117c   0x00000038   Code   RO         1366    i.OSInit            os_core.o
    0x000011b4   0x00000038   Code   RO         2162    i.OSInitHookBegin   os_cpu_c.o
    0x000011ec   0x00000002   Code   RO         2163    i.OSInitHookEnd     os_cpu_c.o
    0x000011ee   0x00000002   PAD
    0x000011f0   0x00000024   Code   RO         1367    i.OSIntEnter        os_core.o
    0x00001214   0x00000090   Code   RO         1368    i.OSIntExit         os_core.o
    0x000012a4   0x00000054   Code   RO         1657    i.OSMboxCreate      os_mbox.o
    0x000012f8   0x00000108   Code   RO         1659    i.OSMboxPend        os_mbox.o
    0x00001400   0x00000050   Code   RO         1661    i.OSMboxPost        os_mbox.o
    0x00001450   0x00000040   Code   RO         1369    i.OSSchedLock       os_core.o
    0x00001490   0x00000060   Code   RO         1370    i.OSSchedUnlock     os_core.o
    0x000014f0   0x00000054   Code   RO         1878    i.OSSemCreate       os_sem.o
    0x00001544   0x000000f0   Code   RO         1880    i.OSSemPend         os_sem.o
    0x00001634   0x00000058   Code   RO         1882    i.OSSemPost         os_sem.o
    0x0000168c   0x00000048   Code   RO         1371    i.OSStart           os_core.o
    0x000016d4   0x0000000c   Code   RO         2164    i.OSTCBInitHook     os_cpu_c.o
    0x000016e0   0x000000a0   Code   RO         1932    i.OSTaskCreate      os_task.o
    0x00001780   0x000000b8   Code   RO         1933    i.OSTaskCreateExt   os_task.o
    0x00001838   0x0000000c   Code   RO         2165    i.OSTaskCreateHook  os_cpu_c.o
    0x00001844   0x00000160   Code   RO         1934    i.OSTaskDel         os_task.o
    0x000019a4   0x0000000c   Code   RO         2166    i.OSTaskDelHook     os_cpu_c.o
    0x000019b0   0x00000008   Code   RO         2167    i.OSTaskIdleHook    os_cpu_c.o
    0x000019b8   0x00000070   Code   RO         1937    i.OSTaskNameSet     os_task.o
    0x00001a28   0x0000000c   Code   RO         2168    i.OSTaskReturnHook  os_cpu_c.o
    0x00001a34   0x00000008   Code   RO         2169    i.OSTaskStatHook    os_cpu_c.o
    0x00001a3c   0x00000088   Code   RO         1943    i.OSTaskStkChk      os_task.o
    0x00001ac4   0x000000a4   Code   RO         2170    i.OSTaskStkInit     os_cpu_c.o
    0x00001b68   0x000000a8   Code   RO         1944    i.OSTaskSuspend     os_task.o
    0x00001c10   0x00000008   Code   RO         2171    i.OSTaskSwHook      os_cpu_c.o
    0x00001c18   0x00000078   Code   RO         2033    i.OSTimeDly         os_time.o
    0x00001c90   0x000000f4   Code   RO         1373    i.OSTimeTick        os_core.o
    0x00001d84   0x00000028   Code   RO         2172    i.OSTimeTickHook    os_cpu_c.o
    0x00001dac   0x00000014   Code   RO         2073    i.OSTmrSignal       os_tmr.o
    0x00001dc0   0x000000f4   Code   RO         2079    i.OSTmr_Init        os_tmr.o
    0x00001eb4   0x00000050   Code   RO         2080    i.OSTmr_InitTask    os_tmr.o
    0x00001f04   0x0000006c   Code   RO         2081    i.OSTmr_Link        os_tmr.o
    0x00001f70   0x00000080   Code   RO         2082    i.OSTmr_Task        os_tmr.o
    0x00001ff0   0x00000044   Code   RO         2083    i.OSTmr_Unlink      os_tmr.o
    0x00002034   0x00000028   Code   RO         2173    i.OS_CPU_SysTickHandler  os_cpu_c.o
    0x0000205c   0x00000030   Code   RO         2174    i.OS_CPU_SysTickInit  os_cpu_c.o
    0x0000208c   0x00000002   Code   RO         1375    i.OS_Dummy          os_core.o
    0x0000208e   0x00000002   PAD
    0x00002090   0x00000094   Code   RO         1376    i.OS_EventTaskRdy   os_core.o
    0x00002124   0x0000002e   Code   RO         1377    i.OS_EventTaskRemove  os_core.o
    0x00002152   0x0000003c   Code   RO         1378    i.OS_EventTaskRemoveMulti  os_core.o
    0x0000218e   0x00000002   PAD
    0x00002190   0x0000007c   Code   RO         1379    i.OS_EventTaskWait  os_core.o
    0x0000220c   0x0000001c   Code   RO         1381    i.OS_EventWaitListInit  os_core.o
    0x00002228   0x00000058   Code   RO         1584    i.OS_FlagInit       os_flag.o
    0x00002280   0x00000024   Code   RO         1586    i.OS_FlagUnlink     os_flag.o
    0x000022a4   0x00000060   Code   RO         1382    i.OS_InitEventList  os_core.o
    0x00002304   0x0000005c   Code   RO         1383    i.OS_InitMisc       os_core.o
    0x00002360   0x00000044   Code   RO         1384    i.OS_InitRdyList    os_core.o
    0x000023a4   0x00000080   Code   RO         1385    i.OS_InitTCBList    os_core.o
    0x00002424   0x00000050   Code   RO         1386    i.OS_InitTaskIdle   os_core.o
    0x00002474   0x00000050   Code   RO         1387    i.OS_InitTaskStat   os_core.o
    0x000024c4   0x00000012   Code   RO         1388    i.OS_MemClr         os_core.o
    0x000024d6   0x00000002   PAD
    0x000024d8   0x00000058   Code   RO         1716    i.OS_MemInit        os_mem.o
    0x00002530   0x00000050   Code   RO         1815    i.OS_QInit          os_q.o
    0x00002580   0x00000074   Code   RO         1390    i.OS_Sched          os_core.o
    0x000025f4   0x0000002c   Code   RO         1391    i.OS_SchedNew       os_core.o
    0x00002620   0x00000150   Code   RO         1393    i.OS_TCBInit        os_core.o
    0x00002770   0x00000028   Code   RO         1394    i.OS_TaskIdle       os_core.o
    0x00002798   0x00000018   Code   RO         1945    i.OS_TaskReturn     os_task.o
    0x000027b0   0x000000a0   Code   RO         1395    i.OS_TaskStat       os_core.o
    0x00002850   0x0000003c   Code   RO         1396    i.OS_TaskStatStkChk  os_core.o
    0x0000288c   0x0000001a   Code   RO         1946    i.OS_TaskStkClr     os_task.o
    0x000028a6   0x00000014   Code   RO         1050    i.Str_Len           lib_str.o
    0x000028ba   0x0000001c   Code   RO         1051    i.Str_Len_N         lib_str.o
    0x000028d6   0x00000002   PAD
    0x000028d8   0x00000024   Code   RO            6    i.main              app.o
    0x000028fc   0x00000044   Data   RO            8    .constdata          app.o
    0x00002940   0x00000100   Data   RO         1398    .constdata          os_core.o
    0x00002a40   0x00000074   Data   RO         2258    .constdata          os_dbg.o
    0x00002ab4   0x00000020   Data   RO         2440    Region$$Table       anon$$obj.o


    Execution Region ER_RW (Base: 0x20000000, Size: 0x00000094, Max: 0xffffffff, ABSOLUTE)

    Base Addr    Size         Type   Attr      Idx    E Section Name        Object

    0x20000000   0x0000001c   Data   RW          166    .data               bsp.o
    0x2000001c   0x00000001   Data   RW          707    .data               bsp_sw.o
    0x2000001d   0x00000003   PAD
    0x20000020   0x00000004   Data   RW          931    .data               lib_mem.o
    0x20000024   0x00000004   Data   RW         1258    .data               cpu_core.o
    0x20000028   0x00000064   Data   RW         1399    .data               os_core.o
    0x2000008c   0x00000006   Data   RW         2176    .data               os_cpu_c.o


    Execution Region ER_ZI (Base: 0x20000094, Size: 0x0000324c, Max: 0xffffffff, ABSOLUTE)

    Base Addr    Size         Type   Attr      Idx    E Section Name        Object

    0x20000094   0x00001400   Zero   RW            7    .bss                app.o
    0x20001494   0x0000022c   Zero   RW          256    .bss                bsp_int.o
    0x200016c0   0x00000448   Zero   RW          930    .bss                lib_mem.o
    0x20001b08   0x00000010   Zero   RW         1256    .bss                cpu_core.o
    0x20001b18   0x00001368   Zero   RW         1397    .bss                os_core.o
    0x20002e80   0x00000200   Zero   RW         2175    .bss                os_cpu_c.o
    0x20003080   0x00000060   Zero   RW         2317    .bss                c_w.l(libspace.o)
    0x200030e0   0x00000000   Zero   RW          698    HEAP                startup_tm4c123.o
    0x200030e0   0x00000200   Zero   RW          697    STACK               startup_tm4c123.o


==============================================================================

Image component sizes


      Code (inc. data)   RO Data    RW Data    ZI Data      Debug   Object Name

       664        176         68          0       5120      23663   app.o
        16          0          0          0          0       4124   app_hooks.o
        76         18          0         28          0       2077   bsp.o
       274         24          0          0        556       4837   bsp_int.o
       556        124          0          0          0      13062   bsp_led.o
        84         16          0          0          0       1085   bsp_pir_sensor.o
        84         20          0          1          0       1363   bsp_sw.o
       320         24          0          0          0       1386   bsp_sys.o
       266         46          0          0          0       1851   bsp_uart.o
        52          0          0          0          0        352   cpu_a.o
        52          8          0          0          0        581   cpu_bsp.o
       100         18          0          4         16       4769   cpu_core.o
       188         18          0          4       1096      13851   lib_mem.o
        48          0          0          0          0       1706   lib_str.o
      2526        420        256        100       4968      27130   os_core.o
       176         36          0          0          0        404   os_cpu_a.o
       422         36          0          6        512      17823   os_cpu_c.o
       348        230        116          0          0       3646   os_dbg.o
       124         14          0          0          0       1338   os_flag.o
       428         24          0          0          0       2901   os_mbox.o
        88         14          0          0          0        613   os_mem.o
        80          8          0          0          0        639   os_q.o
       412         24          0          0          0       2710   os_sem.o
      1162        116          0          0          0       7308   os_task.o
       120         20          0          0          0        696   os_time.o
       648        138          0          0          0       4387   os_tmr.o
       268         18        620          0        512       5536   startup_tm4c123.o

    ----------------------------------------------------------------------
      9600       1590       1092        148      12780     149838   Object Totals
         0          0         32          0          0          0   (incl. Generated)
        18          0          0          5          0          0   (incl. Padding)

    ----------------------------------------------------------------------

      Code (inc. data)   RO Data    RW Data    ZI Data      Debug   Library Member Name

         8          0          0          0          0         68   __main.o
        52          8          0          0          0          0   __scatter.o
        26          0          0          0          0          0   __scatter_copy.o
        28          0          0          0          0          0   __scatter_zi.o
        12          0          0          0          0         72   exit.o
         6          0          0          0          0        152   heapauxi.o
         0          0          0          0          0          0   indicate_semi.o
         2          0          0          0          0          0   libinit.o
         2          0          0          0          0          0   libinit2.o
         2          0          0          0          0          0   libshutdown.o
         2          0          0          0          0          0   libshutdown2.o
         8          4          0          0         96         68   libspace.o
         0          0          0          0          0          0   rtentry.o
        12          0          0          0          0          0   rtentry2.o
         6          0          0          0          0          0   rtentry4.o
         2          0          0          0          0          0   rtexit.o
        10          0          0          0          0          0   rtexit2.o
        12          4          0          0          0         68   sys_exit.o
        74          0          0          0          0         80   sys_stackheap_outer.o
         2          0          0          0          0         68   use_no_semi.o

    ----------------------------------------------------------------------
       272         16          0          0         96        576   Library Totals
         6          0          0          0          0          0   (incl. Padding)

    ----------------------------------------------------------------------

      Code (inc. data)   RO Data    RW Data    ZI Data      Debug   Library Name

       266         16          0          0         96        576   c_w.l

    ----------------------------------------------------------------------
       272         16          0          0         96        576   Library Totals

    ----------------------------------------------------------------------

==============================================================================


      Code (inc. data)   RO Data    RW Data    ZI Data      Debug   

      9872       1606       1092        148      12876     144486   Grand Totals
      9872       1606       1092        148      12876     144486   ELF Image Totals
      9872       1606       1092        148          0          0   ROM Totals

==============================================================================

    Total RO  Size (Code + RO Data)                10964 (  10.71kB)
    Total RW  Size (RW Data + ZI Data)             13024 (  12.72kB)
    Total ROM Size (Code + RO Data + RW Data)      11112 (  10.85kB)

==============================================================================

