<html>
<body>
<pre>
<h1>µVision Build Log</h1>
<h2>Project:</h2>
C:\Users\Admin\Desktop\DESD_projects\DESD_BLR_Group_2\Project\Project\UCOS 2 Port Complete Code\UCOS II Port For TM4C123G\UCOS II Port For TM4C123G\Keil_project\tm4c123-uCOSII-port.uvproj
Project File Date:  07/28/2014

<h2>Output:</h2>
Rebuild target 'TI launchpad'
compiling app.c...
compiling app_hooks.c...
compiling bsp.c...
compiling bsp_int.c...
compiling bsp_led.c...
compiling bsp_sys.c...
compiling cpu_bsp.c...
assembling startup_TM4C123.s...
compiling bsp_sw.c...
compiling bsp_uart.c...
compiling bsp_pir_sensor.c...
compiling lib_ascii.c...
compiling lib_math.c...
compiling lib_mem.c...
assembling lib_mem_a.asm...
compiling lib_str.c...
assembling cpu_a.asm...
compiling cpu_c.c...
compiling cpu_core.c...
compiling os_core.c...
compiling os_flag.c...
compiling os_mbox.c...
compiling os_mem.c...
compiling os_mutex.c...
compiling os_q.c...
compiling os_sem.c...
compiling os_task.c...
compiling os_time.c...
compiling os_tmr.c...
assembling os_cpu_a.asm...
compiling os_cpu_c.c...
compiling os_dbg.c...
linking...
Program Size: Code=9872 RO-data=1092 RW-data=148 ZI-data=12876  
FromELF: creating hex file...
"tm4c123-uCOSII-port.axf" - 0 Error(s), 0 Warning(s).
